$GPGSV,1,1,03,02,,,23,03,,,24,23,,,22*7D
$GLGSV,1,1,00*65
$GNGLL,,,,,103505.00,V,N*56
$GNRMC,103506.00,V,,,,,,,,,,N*62
$GNVTG,,,,,,,,,N*2E
$GNGGA,103506.00,,,,,0,00,99.99,,,,,,*79
$GNGSA,A,1,,,,,,,,,,,,,99.99,99.99,99.99*2E
$GNGSA,A,1,,,,,,,,,,,,,99.99,99.99,99.99*2E
$GPGSV,1,1,01,23,,,23*78
$GLGSV,1,1,00*65
$GNGLL,,,,,103506.00,V,N*55
$GNRMC,103507.00,V,,,,,,,,,,N*63
$GNVTG,,,,,,,,,N*2E
$GNGGA,103507.00,,,,,0,00,99.99,,,,,,*78
$GNGSA,A,1,,,,,,,,,,,,,99.99,99.99,99.99*2E
$GNGSA,A,1,,,,,,,,,,,,,99.99,99.99,99.99*2E
$GPGSV,1,1,01,23,,,30*7A
$GLGSV,1,1,00*65
$GNGLL,,,,,103507.00,V,N*54
$GNRMC,103508.00,V,,,,,,,,,,N*6C
$GNVTG,,,,,,,,,N*2E
$GNGGA,103508.00,,,,,0,00,99.99,,,,,,*77
$GNGSA,A,1,,,,,,,,,,,,,99.99,99.99,99.99*2E
$GNGSA,A,1,,,,,,,,,,,,,99.99,99.99,99.99*2E
$GPGSV,1,1,01,23,,,30*7A
$GLGSV,1,1,00*65
$GNGLL,,,,,103508.00,V,N*5B
$GNRMC,103509.00,V,,,,,,,,,,N*6D
$GNVTG,,,,,,,,,N*2E
$GNGGA,103509.00,,,,,0,00,99.99,,,,,,*76
$GNGSA,A,1,,,,,,,,,,,,,99.99,99.99,99.99*2E
$GNGSA,A,1,,,,,,,,,,,,,99.99,99.99,99.99*2E
$GPGSV,1,1,02,01,,,28,23,,,32*70
$GLGSV,1,1,00*65
$GNGLL,,,,,103509.00,V,N*5A
$GNRMC,103510.00,V,,,,,,,,,,N*65
$GNVTG,,,,,,,,,N*2E
$GNGGA,103510.00,,,,,0,00,99.99,,,,,,*7E
$GNGSA,A,1,,,,,,,,,,,,,99.99,99.99,99.99*2E
$GNGSA,A,1,,,,,,,,,,,,,99.99,99.99,99.99*2E
$GPGSV,1,1,04,01,,,24,04,,,27,05,,,33,23,,,31*7D
$GLGSV,1,1,00*65
$GNGLL,,,,,103510.00,V,N*52
