1;4;{"id":0,"lat":-6.898866,"long":107.624283,"V":3.30,"I":-0.10,"ts":1777356198}
2;0;{"id":0,"lat":null,"long":null,"V":3.30,"I":-0.30,"ts":1777356203}
3;0;{"id":0,"lat":null,"long":null,"V":3.30,"I":0.00,"ts":1777356208}
4;0;{"id":0,"lat":null,"long":null,"V":3.30,"I":-0.10,"ts":1777356213}
5;0;{"id":0,"lat":null,"long":null,"V":3.30,"I":-0.10,"ts":1777356219}
6;0;{"id":0,"lat":null,"long":null,"V":3.30,"I":-0.30,"ts":1777356224}
7;4;{"id":0,"lat":-6.898866,"long":107.624283,"V":3.30,"I":-0.10,"ts":1777356229}
8;0;{"id":0,"lat":null,"long":null,"V":3.30,"I":-0.20,"ts":1777356234}
9;0;{"id":0,"lat":null,"long":null,"V":3.30,"I":-0.10,"ts":1777356239}
10;0;{"id":0,"lat":null,"long":null,"V":3.30,"I":-0.30,"ts":1777356244}
11;1;{"id":0,"lat":null,"long":null,"V":3.30,"I":-0.30,"ts":1777356249}
12;0;{"id":0,"lat":null,"long":null,"V":3.30,"I":0.00,"ts":1777356254}
13;0;{"id":0,"lat":null,"long":null,"V":3.30,"I":-0.20,"ts":1777356260}
14;4;{"id":0,"lat":-6.898866,"long":107.624283,"V":3.30,"I":-0.50,"ts":1777356265}
15;4;{"id":0,"lat":-6.898866,"long":107.624283,"V":3.30,"I":-0.30,"ts":1777356270}
16;4;{"id":0,"lat":-6.898866,"long":107.624283,"V":3.30,"I":-0.10,"ts":1777356275}
17;4;{"id":0,"lat":-6.898866,"long":107.624283,"V":3.30,"I":-0.20,"ts":1777356280}
18;4;{"id":0,"lat":-6.898866,"long":107.624283,"V":3.30,"I":-0.10,"ts":1777356285}
19;0;{"id":0,"lat":null,"long":null,"V":3.30,"I":-0.20,"ts":1777356290}
20;0;{"id":0,"lat":null,"long":null,"V":3.30,"I":-0.10,"ts":1777356295}
21;0;{"id":0,"lat":null,"long":null,"V":3.30,"I":-0.10,"ts":1777356300}
22;1;{"id":0,"lat":null,"long":null,"V":3.30,"I":-0.30,"ts":1777356305}
23;0;{"id":0,"lat":null,"long":null,"V":3.30,"I":0.10,"ts":1777356310}
24;0;{"id":0,"lat":null,"long":null,"V":3.30,"I":-0.10,"ts":1777356315}
25;0;{"id":0,"lat":null,"long":null,"V":3.30,"I":0.00,"ts":1777356320}
26;0;{"id":0,"lat":null,"long":null,"V":3.30,"I":-0.20,"ts":1777356325}
27;0;{"id":0,"lat":null,"long":null,"V":3.30,"I":0.00,"ts":1777356330}
28;0;{"id":0,"lat":null,"long":null,"V":3.30,"I":-0.20,"ts":1777356335}
29;0;{"id":0,"lat":null,"long":null,"V":3.30,"I":-0.20,"ts":1777356341}
30;0;{"id":0,"lat":null,"long":null,"V":3.30,"I":-0.30,"ts":1777356346}
31;4;{"id":0,"lat":-6.898866,"long":107.624283,"V":3.30,"I":0.10,"ts":1777356351}
32;4;{"id":0,"lat":-6.898866,"long":107.624283,"V":3.30,"I":-0.20,"ts":1777356356}
33;0;{"id":0,"lat":null,"long":null,"V":3.30,"I":-0.10,"ts":1777356361}
34;0;{"id":0,"lat":null,"long":null,"V":3.30,"I":-0.20,"ts":1777356366}
35;0;{"id":0,"lat":null,"long":null,"V":3.30,"I":0.10,"ts":1777356371}
36;0;{"id":0,"lat":null,"long":null,"V":3.30,"I":-0.10,"ts":1777356376}
37;0;{"id":0,"lat":null,"long":null,"V":3.30,"I":-0.30,"ts":1777356382}
38;4;{"id":0,"lat":-6.898866,"long":107.624283,"V":3.30,"I":-0.10,"ts":1777356387}
39;4;{"id":0,"lat":-6.898866,"long":107.624283,"V":3.30,"I":-0.20,"ts":1777356392}
40;0;{"id":0,"lat":null,"long":null,"V":3.30,"I":-0.10,"ts":1777356397}
41;0;{"id":0,"lat":null,"long":null,"V":3.30,"I":0.20,"ts":1777356402}
42;1;{"id":0,"lat":null,"long":null,"V":3.30,"I":-0.30,"ts":1777356407}
43;0;{"id":0,"lat":null,"long":null,"V":3.30,"I":0.10,"ts":1777356412}
44;0;{"id":0,"lat":null,"long":null,"V":3.30,"I":-0.10,"ts":1777356417}
45;1;{"id":0,"lat":null,"long":null,"V":3.30,"I":-0.20,"ts":1777356423}
46;4;{"id":0,"lat":-6.898866,"long":107.624283,"V":3.30,"I":-0.20,"ts":1777356428}
47;4;{"id":0,"lat":-6.898866,"long":107.624283,"V":3.30,"I":-0.10,"ts":1777356433}
48;0;{"id":0,"lat":null,"long":null,"V":3.30,"I":-0.20,"ts":1777356438}
49;1;{"id":0,"lat":null,"long":null,"V":3.30,"I":0.10,"ts":1777356443}
50;0;{"id":0,"lat":null,"long":null,"V":3.30,"I":-0.30,"ts":1777356448}
51;0;{"id":0,"lat":null,"long":null,"V":3.30,"I":-0.10,"ts":1777356453}
52;0;{"id":0,"lat":null,"long":null,"V":3.30,"I":-0.20,"ts":1777356458}
53;0;{"id":0,"lat":null,"long":null,"V":3.30,"I":-0.20,"ts":1777356463}
54;0;{"id":0,"lat":null,"long":null,"V":3.30,"I":-0.10,"ts":1777356468}
55;0;{"id":0,"lat":null,"long":null,"V":3.30,"I":0.00,"ts":1777356474}
56;4;{"id":0,"lat":-6.898866,"long":107.624283,"V":3.30,"I":-0.20,"ts":1777356479}
57;4;{"id":0,"lat":-6.898866,"long":107.624283,"V":3.30,"I":-0.30,"ts":1777356484}
58;4;{"id":0,"lat":-6.898866,"long":107.624283,"V":3.30,"I":-0.20,"ts":1777356489}
59;0;{"id":0,"lat":null,"long":null,"V":3.30,"I":-0.20,"ts":1777356494}
60;0;{"id":0,"lat":null,"long":null,"V":3.30,"I":-0.10,"ts":1777356499}
61;5;{"id":0,"lat":101.650002,"long":101.650002,"V":3.30,"I":-0.20,"ts":1777356509}
62;0;{"id":0,"lat":null,"long":null,"V":3.30,"I":-0.10,"ts":1777356514}
63;0;{"id":0,"lat":null,"long":null,"V":3.30,"I":-0.20,"ts":1777356519}
64;0;{"id":0,"lat":null,"long":null,"V":3.30,"I":-0.10,"ts":1777356524}
65;0;{"id":0,"lat":null,"long":null,"V":3.30,"I":-0.10,"ts":1777356529}
66;0;{"id":0,"lat":null,"long":null,"V":3.30,"I":-0.20,"ts":1777356534}
67;0;{"id":0,"lat":null,"long":null,"V":3.30,"I":-0.30,"ts":1777356540}
68;4;{"id":0,"lat":-6.898866,"long":107.624283,"V":3.30,"I":0.00,"ts":1777356545}
69;4;{"id":0,"lat":-6.898866,"long":107.624283,"V":3.30,"I":-0.30,"ts":1777356550}
70;0;{"id":0,"lat":null,"long":null,"V":3.30,"I":-0.10,"ts":1777356555}
71;0;{"id":0,"lat":null,"long":null,"V":3.30,"I":0.10,"ts":1777356560}
72;0;{"id":0,"lat":null,"long":null,"V":3.30,"I":0.20,"ts":1777356565}
73;0;{"id":0,"lat":null,"long":null,"V":3.30,"I":-0.10,"ts":1777356570}
74;0;{"id":0,"lat":null,"long":null,"V":3.30,"I":-0.20,"ts":1777356575}
75;0;{"id":0,"lat":null,"long":null,"V":3.30,"I":-0.30,"ts":1777356581}
76;0;{"id":0,"lat":null,"long":null,"V":3.30,"I":0.10,"ts":1777356586}
77;5;{"id":0,"lat":-6.898866,"long":107.624283,"V":3.30,"I":-0.20,"ts":1777356591}
78;0;{"id":0,"lat":null,"long":null,"V":3.30,"I":-0.40,"ts":1777356596}
79;0;{"id":0,"lat":null,"long":null,"V":3.30,"I":-0.20,"ts":1777356601}
80;0;{"id":0,"lat":null,"long":null,"V":3.30,"I":-0.30,"ts":1777356606}
81;0;{"id":0,"lat":null,"long":null,"V":3.30,"I":-0.10,"ts":1777356611}
82;0;{"id":0,"lat":null,"long":null,"V":3.30,"I":-0.40,"ts":1777356616}
83;0;{"id":0,"lat":null,"long":null,"V":3.30,"I":-0.10,"ts":1777356622}
84;0;{"id":0,"lat":null,"long":null,"V":3.28,"I":-0.30,"ts":1777356627}
85;4;{"id":0,"lat":-6.898867,"long":107.624283,"V":3.30,"I":-0.10,"ts":1777356632}
86;4;{"id":0,"lat":-6.898867,"long":107.624283,"V":3.30,"I":-0.20,"ts":1777356637}
87;0;{"id":0,"lat":null,"long":null,"V":3.30,"I":-0.40,"ts":1777356642}
88;0;{"id":0,"lat":null,"long":null,"V":3.30,"I":-0.30,"ts":1777356647}
89;0;{"id":0,"lat":null,"long":null,"V":3.30,"I":-0.30,"ts":1777356652}
90;4;{"id":0,"lat":null,"long":null,"V":3.30,"I":-0.30,"ts":1777356657}
91;4;{"id":0,"lat":null,"long":null,"V":3.30,"I":0.00,"ts":1777356662}
92;4;{"id":0,"lat":null,"long":null,"V":3.30,"I":-0.10,"ts":1777356668}
93;4;{"id":0,"lat":null,"long":null,"V":3.30,"I":-0.40,"ts":1777356673}
94;4;{"id":0,"lat":-6.898867,"long":107.624283,"V":3.30,"I":-0.40,"ts":1777356678}
95;4;{"id":0,"lat":-6.898867,"long":107.624283,"V":3.30,"I":-0.20,"ts":1777356683}
96;4;{"id":0,"lat":null,"long":null,"V":3.30,"I":-0.10,"ts":1777356688}
97;4;{"id":0,"lat":null,"long":null,"V":3.30,"I":0.00,"ts":1777356693}
98;4;{"id":0,"lat":null,"long":null,"V":3.30,"I":0.10,"ts":1777356698}
99;4;{"id":0,"lat":null,"long":null,"V":3.30,"I":-0.30,"ts":1777356703}
100;4;{"id":0,"lat":null,"long":null,"V":3.30,"I":0.00,"ts":1777356708}
101;4;{"id":0,"lat":null,"long":null,"V":3.30,"I":-0.10,"ts":1777356714}
102;4;{"id":0,"lat":-6.898867,"long":107.624283,"V":3.30,"I":-0.20,"ts":1777356719}
103;4;{"id":0,"lat":-6.898867,"long":107.624283,"V":3.30,"I":-0.20,"ts":1777356724}
104;4;{"id":0,"lat":null,"long":null,"V":3.30,"I":-0.30,"ts":1777356729}
105;4;{"id":0,"lat":null,"long":null,"V":3.30,"I":-0.10,"ts":1777356734}
106;4;{"id":0,"lat":null,"long":null,"V":3.30,"I":-0.20,"ts":1777356739}
107;4;{"id":0,"lat":null,"long":null,"V":3.30,"I":-0.20,"ts":1777356744}
108;4;{"id":0,"lat":null,"long":null,"V":3.30,"I":0.10,"ts":1777356749}
109;4;{"id":0,"lat":null,"long":null,"V":3.30,"I":-0.20,"ts":1777356754}
110;5;{"id":0,"lat":null,"long":null,"V":3.30,"I":-0.20,"ts":1777356760}
111;4;{"id":0,"lat":null,"long":null,"V":3.30,"I":0.00,"ts":1777356765}
112;4;{"id":0,"lat":-6.898867,"long":107.624283,"V":3.30,"I":0.00,"ts":1777356770}
113;4;{"id":0,"lat":-6.898867,"long":107.624283,"V":3.30,"I":-0.20,"ts":1777356775}
114;4;{"id":0,"lat":null,"long":null,"V":3.30,"I":-0.10,"ts":1777356780}
115;4;{"id":0,"lat":null,"long":null,"V":3.30,"I":-0.20,"ts":1777356785}
116;4;{"id":0,"lat":null,"long":null,"V":3.30,"I":0.10,"ts":1777356790}
117;4;{"id":0,"lat":null,"long":null,"V":3.30,"I":-0.20,"ts":1777356795}
118;4;{"id":0,"lat":null,"long":null,"V":3.30,"I":-0.10,"ts":1777356800}
119;4;{"id":0,"lat":null,"long":null,"V":3.30,"I":-0.20,"ts":1777356805}
120;4;{"id":0,"lat":null,"long":null,"V":3.30,"I":-0.40,"ts":1777356810}
121;5;{"id":0,"lat":null,"long":null,"V":3.30,"I":-0.20,"ts":1777356816}
122;4;{"id":0,"lat":null,"long":null,"V":3.30,"I":0.10,"ts":1777356821}
123;4;{"id":0,"lat":-6.898867,"long":107.624283,"V":3.30,"I":-0.20,"ts":1777356826}
124;4;{"id":0,"lat":-6.898867,"long":107.624283,"V":3.30,"I":-0.40,"ts":1777356831}
125;4;{"id":0,"lat":null,"long":null,"V":3.30,"I":0.00,"ts":1777356836}
126;5;{"id":0,"lat":101.650002,"long":101.650002,"V":3.30,"I":-0.20,"ts":1777356848}
127;4;{"id":0,"lat":null,"long":null,"V":3.30,"I":-0.20,"ts":1777356853}
128;4;{"id":0,"lat":null,"long":null,"V":3.30,"I":-0.10,"ts":1777356858}
129;4;{"id":0,"lat":null,"long":null,"V":3.30,"I":0.00,"ts":1777356863}
130;4;{"id":0,"lat":null,"long":null,"V":3.27,"I":-0.10,"ts":1777356868}
131;4;{"id":0,"lat":null,"long":null,"V":3.30,"I":0.00,"ts":1777356874}
132;4;{"id":0,"lat":null,"long":null,"V":3.30,"I":-0.20,"ts":1777356879}
133;4;{"id":0,"lat":-6.898867,"long":107.624283,"V":3.28,"I":-0.20,"ts":1777356884}
134;4;{"id":0,"lat":-6.898867,"long":107.624283,"V":3.30,"I":-0.20,"ts":1777356889}
135;4;{"id":0,"lat":null,"long":null,"V":3.30,"I":-0.20,"ts":1777356894}
136;4;{"id":0,"lat":null,"long":null,"V":3.30,"I":-0.30,"ts":1777356899}
137;4;{"id":0,"lat":null,"long":null,"V":3.30,"I":0.10,"ts":1777356904}
138;4;{"id":0,"lat":null,"long":null,"V":3.30,"I":-0.20,"ts":1777356909}
139;4;{"id":0,"lat":null,"long":null,"V":3.30,"I":-0.20,"ts":1777356914}
140;4;{"id":0,"lat":null,"long":null,"V":3.30,"I":-0.20,"ts":1777356919}
141;4;{"id":0,"lat":null,"long":null,"V":3.30,"I":-0.40,"ts":1777356925}
142;4;{"id":0,"lat":null,"long":null,"V":3.30,"I":0.00,"ts":1777356930}
143;4;{"id":0,"lat":null,"long":null,"V":3.30,"I":-0.10,"ts":1777356935}
144;4;{"id":0,"lat":-6.898867,"long":107.624283,"V":3.30,"I":0.10,"ts":1777356940}
145;4;{"id":0,"lat":null,"long":null,"V":3.30,"I":-0.30,"ts":1777356945}
146;4;{"id":0,"lat":null,"long":null,"V":3.30,"I":-0.20,"ts":1777356950}
147;5;{"id":0,"lat":null,"long":null,"V":3.30,"I":-0.40,"ts":1777356955}
148;1;{"id":0,"lat":null,"long":null,"V":3.30,"I":-0.30,"ts":1777356960}
149;0;{"id":0,"lat":null,"long":null,"V":3.30,"I":-0.30,"ts":1777356966}
150;4;{"id":0,"lat":-6.898867,"long":107.624283,"V":3.30,"I":0.10,"ts":1777356971}
151;4;{"id":0,"lat":-6.898867,"long":107.624283,"V":3.30,"I":0.00,"ts":1777356976}
152;0;{"id":0,"lat":null,"long":null,"V":3.30,"I":0.10,"ts":1777356981}
153;5;{"id":0,"lat":101.650002,"long":101.650002,"V":3.30,"I":-0.20,"ts":1777356992}
154;0;{"id":0,"lat":null,"long":null,"V":3.30,"I":-0.20,"ts":1777356997}
155;1;{"id":0,"lat":null,"long":null,"V":3.30,"I":0.00,"ts":1777357002}
156;0;{"id":0,"lat":null,"long":null,"V":3.30,"I":-0.30,"ts":1777357007}
157;0;{"id":0,"lat":null,"long":null,"V":3.30,"I":0.20,"ts":1777357012}
158;0;{"id":0,"lat":null,"long":null,"V":3.30,"I":-0.20,"ts":1777357017}
159;0;{"id":0,"lat":null,"long":null,"V":3.30,"I":0.20,"ts":1777357023}
160;0;{"id":0,"lat":null,"long":null,"V":3.30,"I":0.20,"ts":1777357028}
161;4;{"id":0,"lat":-6.898867,"long":107.624283,"V":3.30,"I":-0.30,"ts":1777357033}
162;0;{"id":0,"lat":null,"long":null,"V":3.30,"I":-0.10,"ts":1777357038}
163;0;{"id":0,"lat":null,"long":null,"V":3.30,"I":0.00,"ts":1777357043}
164;0;{"id":0,"lat":null,"long":null,"V":3.30,"I":-0.10,"ts":1777357048}
165;1;{"id":0,"lat":null,"long":null,"V":3.30,"I":0.00,"ts":1777357053}
166;0;{"id":0,"lat":null,"long":null,"V":3.30,"I":-0.20,"ts":1777357058}
167;0;{"id":0,"lat":null,"long":null,"V":3.30,"I":-0.10,"ts":1777357063}
168;1;{"id":0,"lat":null,"long":null,"V":3.30,"I":0.10,"ts":1777357069}
169;0;{"id":0,"lat":null,"long":null,"V":3.30,"I":-0.10,"ts":1777357074}
170;4;{"id":0,"lat":-6.898867,"long":107.624283,"V":3.30,"I":-0.20,"ts":1777357079}
171;0;{"id":0,"lat":null,"long":null,"V":3.30,"I":-0.10,"ts":1777357084}
172;0;{"id":0,"lat":null,"long":null,"V":3.30,"I":-0.30,"ts":1777357089}
173;0;{"id":0,"lat":null,"long":null,"V":3.30,"I":-0.10,"ts":1777357094}
174;0;{"id":0,"lat":null,"long":null,"V":3.30,"I":-0.10,"ts":1777357099}
175;0;{"id":0,"lat":null,"long":null,"V":3.30,"I":-0.30,"ts":1777357104}
176;0;{"id":0,"lat":null,"long":null,"V":3.30,"I":-0.40,"ts":1777357109}
177;0;{"id":0,"lat":null,"long":null,"V":3.30,"I":0.00,"ts":1777357114}
178;0;{"id":0,"lat":null,"long":null,"V":3.30,"I":-0.10,"ts":1777357120}
179;4;{"id":0,"lat":-6.898866,"long":107.624283,"V":3.28,"I":0.00,"ts":1777357125}
180;0;{"id":0,"lat":null,"long":null,"V":3.30,"I":-0.10,"ts":1777357130}
181;0;{"id":0,"lat":null,"long":null,"V":3.30,"I":-0.30,"ts":1777357135}
182;0;{"id":0,"lat":null,"long":null,"V":3.30,"I":-0.30,"ts":1777357140}
183;0;{"id":0,"lat":null,"long":null,"V":3.30,"I":-0.30,"ts":1777357145}
184;0;{"id":0,"lat":null,"long":null,"V":3.30,"I":-0.10,"ts":1777357150}
185;0;{"id":0,"lat":null,"long":null,"V":3.30,"I":-0.10,"ts":1777357156}
186;0;{"id":0,"lat":null,"long":null,"V":3.30,"I":-0.20,"ts":1777357161}
187;4;{"id":0,"lat":-6.898866,"long":107.624283,"V":3.30,"I":0.00,"ts":1777357166}
188;4;{"id":0,"lat":-6.898866,"long":107.624283,"V":3.30,"I":-0.30,"ts":1777357171}
189;0;{"id":0,"lat":null,"long":null,"V":3.30,"I":-0.10,"ts":1777357176}
190;0;{"id":0,"lat":null,"long":null,"V":3.30,"I":0.40,"ts":1777357181}
191;0;{"id":0,"lat":null,"long":null,"V":3.30,"I":-0.10,"ts":1777357186}
192;0;{"id":0,"lat":null,"long":null,"V":3.30,"I":0.10,"ts":1777357191}
193;0;{"id":0,"lat":null,"long":null,"V":3.30,"I":-0.10,"ts":1777357196}
194;0;{"id":0,"lat":null,"long":null,"V":3.30,"I":-0.10,"ts":1777357201}
195;0;{"id":0,"lat":null,"long":null,"V":3.30,"I":0.00,"ts":1777357207}
196;4;{"id":0,"lat":-6.898866,"long":107.624283,"V":3.30,"I":-0.20,"ts":1777357212}
197;4;{"id":0,"lat":-6.898866,"long":107.624283,"V":3.30,"I":-0.20,"ts":1777357217}
198;0;{"id":0,"lat":null,"long":null,"V":3.30,"I":-0.40,"ts":1777357222}
199;0;{"id":0,"lat":null,"long":null,"V":3.30,"I":-0.20,"ts":1777357227}
200;1;{"id":0,"lat":null,"long":null,"V":3.30,"I":-0.30,"ts":1777357232}
201;0;{"id":0,"lat":null,"long":null,"V":3.30,"I":-0.10,"ts":1777357237}
202;0;{"id":0,"lat":null,"long":null,"V":3.30,"I":0.10,"ts":1777357242}
203;0;{"id":0,"lat":null,"long":null,"V":3.30,"I":-0.10,"ts":1777357247}
204;0;{"id":0,"lat":null,"long":null,"V":3.30,"I":-0.30,"ts":1777357253}
205;0;{"id":0,"lat":null,"long":null,"V":3.30,"I":-0.20,"ts":1777357258}
206;4;{"id":0,"lat":-6.898867,"long":107.624283,"V":3.30,"I":0.00,"ts":1777357263}
207;0;{"id":0,"lat":null,"long":null,"V":3.30,"I":-0.30,"ts":1777357268}
208;0;{"id":0,"lat":null,"long":null,"V":3.30,"I":-0.40,"ts":1777357273}
209;0;{"id":0,"lat":null,"long":null,"V":3.30,"I":-0.30,"ts":1777357278}
210;0;{"id":0,"lat":null,"long":null,"V":3.30,"I":-0.10,"ts":1777357283}
211;0;{"id":0,"lat":null,"long":null,"V":3.30,"I":-0.50,"ts":1777357288}
212;0;{"id":0,"lat":null,"long":null,"V":3.30,"I":-0.20,"ts":1777357293}
213;0;{"id":0,"lat":null,"long":null,"V":3.30,"I":-0.30,"ts":1777357299}
214;4;{"id":0,"lat":-6.898867,"long":107.624283,"V":3.30,"I":0.10,"ts":1777357304}
215;4;{"id":0,"lat":-6.898867,"long":107.624283,"V":3.30,"I":-0.20,"ts":1777357309}
216;1;{"id":0,"lat":null,"long":null,"V":3.30,"I":0.10,"ts":1777357314}
217;0;{"id":0,"lat":null,"long":null,"V":3.30,"I":-0.10,"ts":1777357319}
218;0;{"id":0,"lat":null,"long":null,"V":3.30,"I":-0.20,"ts":1777357324}
219;0;{"id":0,"lat":null,"long":null,"V":3.30,"I":-0.30,"ts":1777357330}
220;4;{"id":0,"lat":-6.898867,"long":107.624283,"V":3.30,"I":-0.20,"ts":1777357335}
221;0;{"id":0,"lat":null,"long":null,"V":3.30,"I":-0.20,"ts":1777357340}
222;0;{"id":0,"lat":null,"long":null,"V":3.30,"I":-0.20,"ts":1777357345}
223;0;{"id":0,"lat":null,"long":null,"V":3.30,"I":0.10,"ts":1777357350}
224;0;{"id":0,"lat":null,"long":null,"V":3.30,"I":-0.30,"ts":1777357355}
225;0;{"id":0,"lat":null,"long":null,"V":3.30,"I":0.00,"ts":1777357361}
226;0;{"id":0,"lat":null,"long":null,"V":3.30,"I":0.10,"ts":1777357366}
227;0;{"id":0,"lat":null,"long":null,"V":3.30,"I":-0.30,"ts":1777357371}
228;4;{"id":0,"lat":-6.898867,"long":107.624283,"V":3.30,"I":-0.30,"ts":1777357376}
229;4;{"id":0,"lat":-6.898867,"long":107.624283,"V":3.30,"I":-0.10,"ts":1777357381}
230;4;{"id":0,"lat":-6.898867,"long":107.624283,"V":3.30,"I":-0.10,"ts":1777357386}
231;0;{"id":0,"lat":null,"long":null,"V":3.30,"I":0.00,"ts":1777357391}
232;0;{"id":0,"lat":null,"long":null,"V":3.30,"I":-0.30,"ts":1777357396}
233;0;{"id":0,"lat":null,"long":null,"V":3.30,"I":-0.10,"ts":1777357401}
234;0;{"id":0,"lat":null,"long":null,"V":3.30,"I":-0.10,"ts":1777357406}
235;0;{"id":0,"lat":null,"long":null,"V":3.30,"I":-0.30,"ts":1777357411}
236;0;{"id":0,"lat":null,"long":null,"V":3.30,"I":-0.10,"ts":1777357416}
237;1;{"id":0,"lat":null,"long":null,"V":3.30,"I":0.00,"ts":1777357421}
238;0;{"id":0,"lat":null,"long":null,"V":3.30,"I":-0.20,"ts":1777357426}
239;1;{"id":0,"lat":null,"long":null,"V":3.30,"I":-0.10,"ts":1777357431}
240;0;{"id":0,"lat":null,"long":null,"V":3.30,"I":-0.10,"ts":1777357436}
241;0;{"id":0,"lat":null,"long":null,"V":3.30,"I":-0.30,"ts":1777357441}
242;0;{"id":0,"lat":null,"long":null,"V":3.30,"I":-0.40,"ts":1777357447}
243;1;{"id":0,"lat":null,"long":null,"V":3.30,"I":0.10,"ts":1777357452}
244;4;{"id":0,"lat":-6.898866,"long":107.624283,"V":3.30,"I":-0.30,"ts":1777357457}
245;0;{"id":0,"lat":null,"long":null,"V":3.30,"I":-0.10,"ts":1777357462}
246;0;{"id":0,"lat":null,"long":null,"V":3.30,"I":-0.30,"ts":1777357467}
247;1;{"id":0,"lat":null,"long":null,"V":3.30,"I":-0.20,"ts":1777357472}
248;0;{"id":0,"lat":null,"long":null,"V":3.30,"I":-0.30,"ts":1777357477}
249;0;{"id":0,"lat":null,"long":null,"V":3.30,"I":-0.20,"ts":1777357482}
250;0;{"id":0,"lat":null,"long":null,"V":3.30,"I":-0.10,"ts":1777357487}
251;0;{"id":0,"lat":null,"long":null,"V":3.30,"I":-0.20,"ts":1777357493}
252;4;{"id":0,"lat":-6.898866,"long":107.624283,"V":3.30,"I":-0.20,"ts":1777357498}
253;0;{"id":0,"lat":null,"long":null,"V":3.30,"I":-0.20,"ts":1777357503}
254;1;{"id":0,"lat":null,"long":null,"V":3.30,"I":-0.10,"ts":1777357508}
255;0;{"id":0,"lat":null,"long":null,"V":3.30,"I":0.00,"ts":1777357513}
256;0;{"id":0,"lat":null,"long":null,"V":3.30,"I":-0.10,"ts":1777357518}
257;0;{"id":0,"lat":null,"long":null,"V":3.30,"I":-0.10,"ts":1777357523}
258;0;{"id":0,"lat":null,"long":null,"V":3.30,"I":-0.10,"ts":1777357528}
259;0;{"id":0,"lat":null,"long":null,"V":3.30,"I":-0.10,"ts":1777357534}
260;0;{"id":0,"lat":null,"long":null,"V":3.30,"I":-0.20,"ts":1777357539}
261;0;{"id":0,"lat":null,"long":null,"V":3.30,"I":-0.10,"ts":1777357544}
262;0;{"id":0,"lat":null,"long":null,"V":3.30,"I":-0.20,"ts":1777357549}
263;4;{"id":0,"lat":-6.898866,"long":107.624283,"V":3.30,"I":-0.30,"ts":1777357554}
264;4;{"id":0,"lat":-6.898866,"long":107.624283,"V":3.30,"I":-0.30,"ts":1777357559}
265;4;{"id":0,"lat":null,"long":null,"V":3.30,"I":-0.30,"ts":1777357564}
266;4;{"id":0,"lat":null,"long":null,"V":3.30,"I":-0.10,"ts":1777357569}
267;4;{"id":0,"lat":null,"long":null,"V":3.30,"I":-0.30,"ts":1777357574}
268;4;{"id":0,"lat":null,"long":null,"V":3.30,"I":0.10,"ts":1777357579}
269;4;{"id":0,"lat":null,"long":null,"V":3.30,"I":-0.30,"ts":1777357584}
270;4;{"id":0,"lat":null,"long":null,"V":3.30,"I":-0.40,"ts":1777357589}
271;4;{"id":0,"lat":null,"long":null,"V":3.30,"I":0.10,"ts":1777357594}
272;4;{"id":0,"lat":null,"long":null,"V":3.30,"I":-0.30,"ts":1777357599}
273;4;{"id":0,"lat":null,"long":null,"V":3.30,"I":-0.40,"ts":1777357604}
274;4;{"id":0,"lat":null,"long":null,"V":3.30,"I":-0.10,"ts":1777357609}
275;4;{"id":0,"lat":null,"long":null,"V":3.30,"I":-0.20,"ts":1777357614}
276;4;{"id":0,"lat":null,"long":null,"V":3.30,"I":-0.20,"ts":1777357619}
277;4;{"id":0,"lat":null,"long":null,"V":3.26,"I":0.10,"ts":1777357624}
278;4;{"id":0,"lat":null,"long":null,"V":3.30,"I":-0.20,"ts":1777357630}
279;4;{"id":0,"lat":null,"long":null,"V":3.30,"I":-0.10,"ts":1777357635}
280;4;{"id":0,"lat":null,"long":null,"V":3.30,"I":-0.30,"ts":1777357640}
281;4;{"id":0,"lat":null,"long":null,"V":3.30,"I":-0.40,"ts":1777357645}
282;5;{"id":0,"lat":null,"long":null,"V":3.30,"I":-0.30,"ts":1777357650}
283;4;{"id":0,"lat":null,"long":null,"V":3.30,"I":0.00,"ts":1777357655}
284;4;{"id":0,"lat":null,"long":null,"V":3.30,"I":-0.10,"ts":1777357660}
285;4;{"id":0,"lat":null,"long":null,"V":3.30,"I":-0.30,"ts":1777357665}
286;5;{"id":0,"lat":null,"long":null,"V":3.30,"I":0.10,"ts":1777357671}
287;4;{"id":0,"lat":-6.898866,"long":107.624283,"V":3.30,"I":0.00,"ts":1777357676}
288;4;{"id":0,"lat":null,"long":null,"V":3.30,"I":0.00,"ts":1777357681}
289;4;{"id":0,"lat":null,"long":null,"V":3.30,"I":-0.10,"ts":1777357686}
290;4;{"id":0,"lat":null,"long":null,"V":3.30,"I":-0.20,"ts":1777357691}
291;4;{"id":0,"lat":null,"long":null,"V":3.30,"I":-0.10,"ts":1777357696}
292;4;{"id":0,"lat":null,"long":null,"V":3.30,"I":-0.30,"ts":1777357701}
293;4;{"id":0,"lat":null,"long":null,"V":3.30,"I":0.10,"ts":1777357706}
294;4;{"id":0,"lat":null,"long":null,"V":3.30,"I":0.00,"ts":1777357711}
295;4;{"id":0,"lat":null,"long":null,"V":3.30,"I":0.00,"ts":1777357716}
296;4;{"id":0,"lat":null,"long":null,"V":3.30,"I":-0.10,"ts":1777357721}
297;4;{"id":0,"lat":null,"long":null,"V":3.30,"I":-0.10,"ts":1777357726}
298;4;{"id":0,"lat":null,"long":null,"V":3.30,"I":-0.30,"ts":1777357731}
299;4;{"id":0,"lat":null,"long":null,"V":3.30,"I":0.00,"ts":1777357736}
300;4;{"id":0,"lat":null,"long":null,"V":3.30,"I":-0.10,"ts":1777357742}
301;4;{"id":0,"lat":null,"long":null,"V":3.30,"I":0.00,"ts":1777357747}
302;4;{"id":0,"lat":null,"long":null,"V":3.30,"I":-0.30,"ts":1777357752}
303;0;{"id":0,"lat":null,"long":null,"V":3.30,"I":-0.30,"ts":1777357757}
304;0;{"id":0,"lat":null,"long":null,"V":3.30,"I":-0.10,"ts":1777357762}
305;0;{"id":0,"lat":null,"long":null,"V":3.30,"I":-0.10,"ts":1777357767}
306;4;{"id":0,"lat":-6.898866,"long":107.624283,"V":3.30,"I":0.10,"ts":1777357772}
307;0;{"id":0,"lat":null,"long":null,"V":3.30,"I":-0.10,"ts":1777357777}
308;0;{"id":0,"lat":null,"long":null,"V":3.30,"I":0.20,"ts":1777357782}
309;0;{"id":0,"lat":null,"long":null,"V":3.30,"I":-0.30,"ts":1777357787}
310;0;{"id":0,"lat":null,"long":null,"V":3.30,"I":-0.30,"ts":1777357792}
311;0;{"id":0,"lat":null,"long":null,"V":3.30,"I":-0.20,"ts":1777357797}
312;0;{"id":0,"lat":null,"long":null,"V":3.30,"I":0.10,"ts":1777357802}
313;0;{"id":0,"lat":null,"long":null,"V":3.30,"I":-0.10,"ts":1777357807}
314;1;{"id":0,"lat":null,"long":null,"V":3.30,"I":-0.30,"ts":1777357813}
315;4;{"id":0,"lat":-6.898866,"long":107.624283,"V":3.30,"I":-0.10,"ts":1777357818}
316;4;{"id":0,"lat":null,"long":null,"V":3.30,"I":-0.20,"ts":1777357823}
317;5;{"id":0,"lat":null,"long":null,"V":3.30,"I":-0.10,"ts":1777357828}
318;4;{"id":0,"lat":null,"long":null,"V":3.30,"I":-0.10,"ts":1777357833}
319;4;{"id":0,"lat":null,"long":null,"V":3.30,"I":-0.20,"ts":1777357838}
320;5;{"id":0,"lat":null,"long":null,"V":3.30,"I":-0.10,"ts":1777357843}
321;4;{"id":0,"lat":null,"long":null,"V":3.30,"I":-0.40,"ts":1777357848}
322;4;{"id":0,"lat":null,"long":null,"V":3.30,"I":-0.20,"ts":1777357853}
323;1;{"id":0,"lat":null,"long":null,"V":3.30,"I":-0.40,"ts":1777357858}
324;0;{"id":0,"lat":null,"long":null,"V":3.30,"I":-0.20,"ts":1777357863}
325;0;{"id":0,"lat":null,"long":null,"V":3.30,"I":-0.30,"ts":1777357869}
326;0;{"id":0,"lat":null,"long":null,"V":3.30,"I":0.00,"ts":1777357874}
327;0;{"id":0,"lat":null,"long":null,"V":3.30,"I":0.10,"ts":1777357879}
328;0;{"id":0,"lat":null,"long":null,"V":3.30,"I":-0.20,"ts":1777357884}
329;0;{"id":0,"lat":null,"long":null,"V":3.30,"I":-0.20,"ts":1777357889}
330;4;{"id":0,"lat":-6.898865,"long":107.624283,"V":3.30,"I":0.10,"ts":1777357894}
331;4;{"id":0,"lat":-6.898865,"long":107.624283,"V":3.30,"I":0.00,"ts":1777357899}
332;4;{"id":0,"lat":-6.898865,"long":107.624283,"V":3.30,"I":-0.20,"ts":1777357904}
333;0;{"id":0,"lat":null,"long":null,"V":3.30,"I":-0.10,"ts":1777357909}
334;1;{"id":0,"lat":null,"long":null,"V":3.30,"I":-0.10,"ts":1777357914}
335;0;{"id":0,"lat":null,"long":null,"V":3.30,"I":-0.10,"ts":1777357919}
336;0;{"id":0,"lat":null,"long":null,"V":3.30,"I":-0.30,"ts":1777357924}
337;0;{"id":0,"lat":null,"long":null,"V":3.30,"I":0.10,"ts":1777357929}
338;0;{"id":0,"lat":null,"long":null,"V":3.30,"I":-0.10,"ts":1777357934}
339;0;{"id":0,"lat":null,"long":null,"V":3.30,"I":-0.30,"ts":1777357939}
340;0;{"id":0,"lat":null,"long":null,"V":3.30,"I":-0.10,"ts":1777357944}
341;0;{"id":0,"lat":null,"long":null,"V":3.30,"I":0.10,"ts":1777357949}
342;0;{"id":0,"lat":null,"long":null,"V":3.30,"I":0.00,"ts":1777357954}
343;0;{"id":0,"lat":null,"long":null,"V":3.30,"I":-0.20,"ts":1777357960}
344;4;{"id":0,"lat":-6.898865,"long":107.624283,"V":3.30,"I":-0.30,"ts":1777357965}
345;5;{"id":0,"lat":-6.898865,"long":107.624283,"V":3.30,"I":-0.50,"ts":1777357970}
346;0;{"id":0,"lat":null,"long":null,"V":3.30,"I":-0.30,"ts":1777357975}
347;0;{"id":0,"lat":null,"long":null,"V":3.30,"I":-0.10,"ts":1777357980}
348;0;{"id":0,"lat":null,"long":null,"V":3.30,"I":0.00,"ts":1777357985}
349;0;{"id":0,"lat":null,"long":null,"V":3.30,"I":0.10,"ts":1777357991}
350;4;{"id":0,"lat":-6.898865,"long":107.624283,"V":3.30,"I":-0.30,"ts":1777357996}
351;4;{"id":0,"lat":-6.898865,"long":107.624283,"V":3.30,"I":0.10,"ts":1777358001}
352;0;{"id":0,"lat":null,"long":null,"V":3.30,"I":0.00,"ts":1777358006}
353;0;{"id":0,"lat":null,"long":null,"V":3.30,"I":-0.20,"ts":1777358011}
354;0;{"id":0,"lat":null,"long":null,"V":3.30,"I":-0.40,"ts":1777358016}
355;0;{"id":0,"lat":null,"long":null,"V":3.30,"I":-0.20,"ts":1777358021}
356;0;{"id":0,"lat":null,"long":null,"V":3.30,"I":-0.30,"ts":1777358026}
357;0;{"id":0,"lat":null,"long":null,"V":3.30,"I":-0.10,"ts":1777358031}
358;0;{"id":0,"lat":null,"long":null,"V":3.30,"I":-0.20,"ts":1777358036}
359;0;{"id":0,"lat":null,"long":null,"V":3.30,"I":-0.10,"ts":1777358041}
360;0;{"id":0,"lat":null,"long":null,"V":3.30,"I":-0.20,"ts":1777358046}
361;0;{"id":0,"lat":null,"long":null,"V":3.30,"I":-0.20,"ts":1777358051}
362;0;{"id":0,"lat":null,"long":null,"V":3.30,"I":-0.40,"ts":1777358056}
363;0;{"id":0,"lat":null,"long":null,"V":3.30,"I":-0.40,"ts":1777358061}
364;0;{"id":0,"lat":null,"long":null,"V":3.30,"I":0.00,"ts":1777358066}
365;0;{"id":0,"lat":null,"long":null,"V":3.30,"I":-0.10,"ts":1777358071}
366;0;{"id":0,"lat":null,"long":null,"V":3.30,"I":-0.10,"ts":1777358076}
367;0;{"id":0,"lat":null,"long":null,"V":3.28,"I":0.20,"ts":1777358081}
368;0;{"id":0,"lat":null,"long":null,"V":3.30,"I":0.00,"ts":1777358086}
369;0;{"id":0,"lat":null,"long":null,"V":3.30,"I":-0.10,"ts":1777358091}
370;0;{"id":0,"lat":null,"long":null,"V":3.30,"I":-0.10,"ts":1777358097}
371;0;{"id":0,"lat":null,"long":null,"V":3.30,"I":-0.10,"ts":1777358102}
372;5;{"id":0,"lat":-6.898865,"long":107.624283,"V":3.30,"I":-0.10,"ts":1777358107}
373;0;{"id":0,"lat":null,"long":null,"V":3.30,"I":-0.20,"ts":1777358112}
374;0;{"id":0,"lat":null,"long":null,"V":3.30,"I":0.10,"ts":1777358117}
375;0;{"id":0,"lat":null,"long":null,"V":3.30,"I":-0.30,"ts":1777358122}
376;0;{"id":0,"lat":null,"long":null,"V":3.30,"I":-0.20,"ts":1777358127}
377;0;{"id":0,"lat":null,"long":null,"V":3.30,"I":0.10,"ts":1777358132}
378;0;{"id":0,"lat":null,"long":null,"V":3.30,"I":-0.20,"ts":1777358138}
379;4;{"id":0,"lat":-6.898865,"long":107.624283,"V":3.30,"I":-0.10,"ts":1777358143}
380;4;{"id":0,"lat":-6.898865,"long":107.624283,"V":3.30,"I":0.00,"ts":1777358148}
381;0;{"id":0,"lat":null,"long":null,"V":3.30,"I":0.00,"ts":1777358153}
382;4;{"id":0,"lat":null,"long":null,"V":3.30,"I":-0.20,"ts":1777358158}
383;4;{"id":0,"lat":null,"long":null,"V":3.30,"I":0.10,"ts":1777358163}
384;4;{"id":0,"lat":null,"long":null,"V":3.30,"I":-0.10,"ts":1777358168}
385;4;{"id":0,"lat":null,"long":null,"V":3.30,"I":-0.30,"ts":1777358173}
386;4;{"id":0,"lat":null,"long":null,"V":3.30,"I":0.10,"ts":1777358178}
387;4;{"id":0,"lat":null,"long":null,"V":3.30,"I":0.20,"ts":1777358184}
388;4;{"id":0,"lat":-6.898865,"long":107.624283,"V":3.30,"I":-0.20,"ts":1777358189}
389;4;{"id":0,"lat":-6.898865,"long":107.624283,"V":3.30,"I":-0.30,"ts":1777358194}
390;4;{"id":0,"lat":-6.898865,"long":107.624283,"V":3.30,"I":-0.10,"ts":1777358199}
391;4;{"id":0,"lat":-6.898865,"long":107.624283,"V":3.30,"I":-0.30,"ts":1777358204}
392;4;{"id":0,"lat":null,"long":null,"V":3.30,"I":-0.10,"ts":1777358209}
393;4;{"id":0,"lat":null,"long":null,"V":3.30,"I":-0.10,"ts":1777358214}
394;4;{"id":0,"lat":null,"long":null,"V":3.30,"I":0.10,"ts":1777358219}
395;4;{"id":0,"lat":null,"long":null,"V":3.30,"I":0.10,"ts":1777358224}
396;4;{"id":0,"lat":null,"long":null,"V":3.30,"I":-0.20,"ts":1777358229}
397;4;{"id":0,"lat":null,"long":null,"V":3.30,"I":-0.20,"ts":1777358234}
398;4;{"id":0,"lat":null,"long":null,"V":3.30,"I":-0.10,"ts":1777358239}
399;4;{"id":0,"lat":null,"long":null,"V":3.30,"I":-0.10,"ts":1777358244}
400;4;{"id":0,"lat":null,"long":null,"V":3.30,"I":-0.30,"ts":1777358250}
401;4;{"id":0,"lat":-6.898864,"long":107.624283,"V":3.30,"I":-0.20,"ts":1777358255}
402;4;{"id":0,"lat":null,"long":null,"V":3.30,"I":-0.10,"ts":1777358260}
403;4;{"id":0,"lat":null,"long":null,"V":3.30,"I":0.00,"ts":1777358265}
404;4;{"id":0,"lat":null,"long":null,"V":3.30,"I":-0.40,"ts":1777358270}
405;4;{"id":0,"lat":null,"long":null,"V":3.30,"I":-0.30,"ts":1777358275}
406;4;{"id":0,"lat":null,"long":null,"V":3.30,"I":-0.20,"ts":1777358280}
407;4;{"id":0,"lat":null,"long":null,"V":3.30,"I":0.00,"ts":1777358285}
408;4;{"id":0,"lat":null,"long":null,"V":3.30,"I":-0.30,"ts":1777358290}
409;4;{"id":0,"lat":null,"long":null,"V":3.30,"I":-0.10,"ts":1777358296}
410;4;{"id":0,"lat":null,"long":null,"V":3.30,"I":-0.40,"ts":1777358301}
411;4;{"id":0,"lat":null,"long":null,"V":3.30,"I":-0.20,"ts":1777358306}
412;4;{"id":0,"lat":null,"long":null,"V":3.30,"I":-0.10,"ts":1777358311}
413;4;{"id":0,"lat":null,"long":null,"V":3.30,"I":-0.10,"ts":1777358316}
414;4;{"id":0,"lat":null,"long":null,"V":3.30,"I":-0.10,"ts":1777358321}
415;4;{"id":0,"lat":null,"long":null,"V":3.30,"I":-0.30,"ts":1777358326}
416;4;{"id":0,"lat":null,"long":null,"V":3.30,"I":-0.20,"ts":1777358331}
417;4;{"id":0,"lat":-6.898864,"long":107.624283,"V":3.30,"I":-0.30,"ts":1777358336}
418;4;{"id":0,"lat":null,"long":null,"V":3.30,"I":-0.20,"ts":1777358341}
419;4;{"id":0,"lat":null,"long":null,"V":3.30,"I":-0.20,"ts":1777358346}
420;4;{"id":0,"lat":null,"long":null,"V":3.26,"I":0.10,"ts":1777358351}
421;4;{"id":0,"lat":null,"long":null,"V":3.30,"I":-0.10,"ts":1777358356}
422;4;{"id":0,"lat":null,"long":null,"V":3.30,"I":0.00,"ts":1777358361}
423;4;{"id":0,"lat":null,"long":null,"V":3.30,"I":-0.40,"ts":1777358366}
424;4;{"id":0,"lat":null,"long":null,"V":3.30,"I":0.30,"ts":1777358372}
425;5;{"id":0,"lat":null,"long":null,"V":3.30,"I":-0.30,"ts":1777358377}
426;4;{"id":0,"lat":null,"long":null,"V":3.30,"I":-0.30,"ts":1777358382}
427;4;{"id":0,"lat":-6.898864,"long":107.624283,"V":3.30,"I":-0.20,"ts":1777358387}
428;4;{"id":0,"lat":null,"long":null,"V":3.30,"I":-0.10,"ts":1777358392}
429;4;{"id":0,"lat":null,"long":null,"V":3.30,"I":-0.20,"ts":1777358397}
430;4;{"id":0,"lat":null,"long":null,"V":3.30,"I":-0.20,"ts":1777358402}
431;4;{"id":0,"lat":null,"long":null,"V":3.30,"I":0.10,"ts":1777358407}
432;4;{"id":0,"lat":null,"long":null,"V":3.30,"I":0.00,"ts":1777358412}
433;4;{"id":0,"lat":null,"long":null,"V":3.30,"I":0.00,"ts":1777358417}
434;4;{"id":0,"lat":null,"long":null,"V":3.30,"I":-0.20,"ts":1777358422}
435;4;{"id":0,"lat":null,"long":null,"V":3.30,"I":0.20,"ts":1777358427}
436;4;{"id":0,"lat":null,"long":null,"V":3.30,"I":0.00,"ts":1777358432}
437;4;{"id":0,"lat":null,"long":null,"V":3.30,"I":-0.20,"ts":1777358437}
438;4;{"id":0,"lat":null,"long":null,"V":3.30,"I":-0.20,"ts":1777358442}
439;4;{"id":0,"lat":null,"long":null,"V":3.30,"I":-0.10,"ts":1777358447}
440;4;{"id":0,"lat":null,"long":null,"V":3.30,"I":-0.10,"ts":1777358453}
441;4;{"id":0,"lat":null,"long":null,"V":3.30,"I":-0.40,"ts":1777358458}
442;1;{"id":0,"lat":-6.898863,"long":107.624283,"V":3.30,"I":-0.10,"ts":1777358463}
443;4;{"id":0,"lat":null,"long":null,"V":3.30,"I":-0.20,"ts":1777358468}
444;4;{"id":0,"lat":null,"long":null,"V":3.30,"I":-0.20,"ts":1777358473}
445;4;{"id":0,"lat":null,"long":null,"V":3.30,"I":0.00,"ts":1777358478}
446;4;{"id":0,"lat":null,"long":null,"V":3.30,"I":-0.30,"ts":1777358483}
447;4;{"id":0,"lat":null,"long":null,"V":3.30,"I":-0.20,"ts":1777358488}
448;4;{"id":0,"lat":null,"long":null,"V":3.30,"I":-0.30,"ts":1777358493}
449;4;{"id":0,"lat":null,"long":null,"V":3.30,"I":-0.10,"ts":1777358499}
450;4;{"id":0,"lat":null,"long":null,"V":3.30,"I":0.10,"ts":1777358504}
451;4;{"id":0,"lat":null,"long":null,"V":3.30,"I":-0.30,"ts":1777358509}
452;4;{"id":0,"lat":null,"long":null,"V":3.30,"I":0.00,"ts":1777358514}
453;4;{"id":0,"lat":null,"long":null,"V":3.30,"I":-0.30,"ts":1777358519}
454;5;{"id":0,"lat":null,"long":null,"V":3.30,"I":-0.10,"ts":1777358524}
455;4;{"id":0,"lat":-6.898863,"long":107.624283,"V":3.30,"I":-0.10,"ts":1777358529}
456;4;{"id":0,"lat":-6.898863,"long":107.624283,"V":3.30,"I":-0.10,"ts":1777358534}
457;4;{"id":0,"lat":-6.898863,"long":107.624283,"V":3.30,"I":-0.20,"ts":1777358539}
458;4;{"id":0,"lat":-6.898863,"long":107.624283,"V":3.30,"I":0.10,"ts":1777358544}
459;4;{"id":0,"lat":null,"long":null,"V":3.30,"I":-0.20,"ts":1777358549}
460;5;{"id":0,"lat":null,"long":null,"V":3.30,"I":0.10,"ts":1777358554}
461;5;{"id":0,"lat":null,"long":null,"V":3.30,"I":0.00,"ts":1777358559}
462;4;{"id":0,"lat":null,"long":null,"V":3.30,"I":-0.20,"ts":1777358564}
463;4;{"id":0,"lat":null,"long":null,"V":3.30,"I":0.00,"ts":1777358569}
464;4;{"id":0,"lat":null,"long":null,"V":3.30,"I":-0.20,"ts":1777358575}
465;4;{"id":0,"lat":-6.898864,"long":107.624283,"V":3.27,"I":-0.20,"ts":1777358580}
466;4;{"id":0,"lat":null,"long":null,"V":3.30,"I":0.10,"ts":1777358585}
467;4;{"id":0,"lat":null,"long":null,"V":3.30,"I":0.00,"ts":1777358590}
468;4;{"id":0,"lat":null,"long":null,"V":3.30,"I":-0.30,"ts":1777358595}
469;4;{"id":0,"lat":null,"long":null,"V":3.30,"I":-0.40,"ts":1777358600}
470;4;{"id":0,"lat":null,"long":null,"V":3.30,"I":0.00,"ts":1777358605}
471;4;{"id":0,"lat":null,"long":null,"V":3.30,"I":-0.20,"ts":1777358611}
472;4;{"id":0,"lat":null,"long":null,"V":3.30,"I":-0.20,"ts":1777358616}
473;4;{"id":0,"lat":null,"long":null,"V":3.30,"I":-0.20,"ts":1777358621}
474;4;{"id":0,"lat":-6.898864,"long":107.624283,"V":3.30,"I":-0.20,"ts":1777358626}
475;4;{"id":0,"lat":null,"long":null,"V":3.30,"I":-0.10,"ts":1777358631}
476;4;{"id":0,"lat":null,"long":null,"V":3.30,"I":-0.30,"ts":1777358636}
477;4;{"id":0,"lat":null,"long":null,"V":3.30,"I":0.00,"ts":1777358641}
478;4;{"id":0,"lat":null,"long":null,"V":3.30,"I":0.10,"ts":1777358646}
479;4;{"id":0,"lat":null,"long":null,"V":3.30,"I":0.00,"ts":1777358651}
480;4;{"id":0,"lat":null,"long":null,"V":3.30,"I":-0.20,"ts":1777358656}
481;4;{"id":0,"lat":null,"long":null,"V":3.30,"I":-0.40,"ts":1777358661}
482;4;{"id":0,"lat":null,"long":null,"V":3.30,"I":-0.20,"ts":1777358666}
483;4;{"id":0,"lat":null,"long":null,"V":3.30,"I":-0.20,"ts":1777358671}
484;4;{"id":0,"lat":null,"long":null,"V":3.30,"I":0.10,"ts":1777358676}
485;4;{"id":0,"lat":null,"long":null,"V":3.30,"I":-0.30,"ts":1777358681}
486;4;{"id":0,"lat":null,"long":null,"V":3.30,"I":0.00,"ts":1777358686}
487;4;{"id":0,"lat":null,"long":null,"V":3.30,"I":-0.20,"ts":1777358691}
488;4;{"id":0,"lat":null,"long":null,"V":3.30,"I":-0.30,"ts":1777358696}
489;4;{"id":0,"lat":null,"long":null,"V":3.30,"I":-0.20,"ts":1777358702}
490;5;{"id":0,"lat":null,"long":null,"V":3.30,"I":-0.10,"ts":1777358707}
491;4;{"id":0,"lat":null,"long":null,"V":3.30,"I":-0.40,"ts":1777358712}
492;4;{"id":0,"lat":null,"long":null,"V":3.30,"I":-0.10,"ts":1777358717}
493;4;{"id":0,"lat":-6.898864,"long":107.624283,"V":3.30,"I":0.10,"ts":1777358722}
494;4;{"id":0,"lat":-6.898864,"long":107.624283,"V":3.30,"I":-0.40,"ts":1777358727}
495;4;{"id":0,"lat":-6.898864,"long":107.624283,"V":3.30,"I":0.00,"ts":1777358732}
496;4;{"id":0,"lat":-6.898864,"long":107.624283,"V":3.30,"I":0.00,"ts":1777358737}
497;4;{"id":0,"lat":-6.898864,"long":107.624283,"V":3.30,"I":-0.20,"ts":1777358742}
498;4;{"id":0,"lat":null,"long":null,"V":3.30,"I":-0.10,"ts":1777358747}
499;4;{"id":0,"lat":null,"long":null,"V":3.30,"I":-0.40,"ts":1777358752}
500;1;{"id":0,"lat":null,"long":null,"V":3.30,"I":0.00,"ts":1777358757}
