1;7;{"id":0,"lat":null,"long":null,"V":3.28,"I":-0.50,"ts":1777349400}
2;2;{"id":0,"lat":null,"long":null,"V":3.30,"I":-0.20,"ts":1777349406}
3;2;{"id":0,"lat":null,"long":null,"V":3.29,"I":-0.10,"ts":1777349411}
4;3;{"id":0,"lat":null,"long":null,"V":3.29,"I":0.10,"ts":1777349416}
5;3;{"id":0,"lat":null,"long":null,"V":3.28,"I":-0.20,"ts":1777349421}
6;3;{"id":0,"lat":null,"long":null,"V":3.28,"I":-0.10,"ts":1777349426}
7;2;{"id":0,"lat":null,"long":null,"V":3.28,"I":0.20,"ts":1777349431}
8;3;{"id":0,"lat":null,"long":null,"V":3.28,"I":-0.10,"ts":1777349436}
9;3;{"id":0,"lat":null,"long":null,"V":3.28,"I":-0.20,"ts":1777349441}
10;3;{"id":0,"lat":null,"long":null,"V":3.28,"I":-0.20,"ts":1777349446}
11;3;{"id":0,"lat":null,"long":null,"V":3.28,"I":-0.10,"ts":1777349451}
12;2;{"id":0,"lat":null,"long":null,"V":3.28,"I":-0.10,"ts":1777349456}
13;3;{"id":0,"lat":null,"long":null,"V":3.28,"I":-0.10,"ts":1777349461}
14;3;{"id":0,"lat":null,"long":null,"V":3.28,"I":0.00,"ts":1777349467}
15;3;{"id":0,"lat":null,"long":null,"V":3.28,"I":-0.40,"ts":1777349472}
16;3;{"id":0,"lat":-6.898857,"long":107.624352,"V":3.28,"I":0.00,"ts":1777349477}
17;3;{"id":0,"lat":-6.898864,"long":107.624352,"V":3.28,"I":-0.20,"ts":1777349482}
18;3;{"id":0,"lat":null,"long":null,"V":3.28,"I":-0.10,"ts":1777349487}
19;2;{"id":0,"lat":null,"long":null,"V":3.28,"I":-0.30,"ts":1777349492}
20;3;{"id":0,"lat":null,"long":null,"V":3.28,"I":0.00,"ts":1777349497}
21;3;{"id":0,"lat":null,"long":null,"V":3.28,"I":-0.10,"ts":1777349502}
22;3;{"id":0,"lat":null,"long":null,"V":3.28,"I":-0.40,"ts":1777349507}
23;3;{"id":0,"lat":null,"long":null,"V":3.28,"I":-0.40,"ts":1777349513}
24;3;{"id":0,"lat":null,"long":null,"V":3.28,"I":-0.30,"ts":1777349518}
25;3;{"id":0,"lat":-6.898854,"long":107.624352,"V":3.28,"I":-0.20,"ts":1777349523}
26;3;{"id":0,"lat":null,"long":null,"V":3.28,"I":-0.10,"ts":1777349528}
27;3;{"id":0,"lat":null,"long":null,"V":3.28,"I":-0.20,"ts":1777349533}
28;3;{"id":0,"lat":null,"long":null,"V":3.27,"I":-0.30,"ts":1777349538}
29;3;{"id":0,"lat":null,"long":null,"V":3.28,"I":-0.10,"ts":1777349543}
30;3;{"id":0,"lat":null,"long":null,"V":3.28,"I":-0.10,"ts":1777349548}
31;3;{"id":0,"lat":null,"long":null,"V":3.28,"I":-0.10,"ts":1777349554}
32;3;{"id":0,"lat":null,"long":null,"V":3.28,"I":-0.30,"ts":1777349559}
33;3;{"id":0,"lat":-6.898854,"long":107.624336,"V":3.28,"I":-0.20,"ts":1777349564}
34;3;{"id":0,"lat":null,"long":null,"V":3.28,"I":-0.10,"ts":1777349569}
35;3;{"id":0,"lat":null,"long":null,"V":3.28,"I":-0.10,"ts":1777349574}
36;3;{"id":0,"lat":null,"long":null,"V":3.28,"I":-0.30,"ts":1777349579}
37;2;{"id":0,"lat":null,"long":null,"V":3.28,"I":-0.40,"ts":1777349584}
38;2;{"id":0,"lat":null,"long":null,"V":3.28,"I":-0.30,"ts":1777349589}
39;2;{"id":0,"lat":null,"long":null,"V":3.28,"I":-0.50,"ts":1777349595}
40;3;{"id":0,"lat":null,"long":null,"V":3.28,"I":-0.10,"ts":1777349600}
41;3;{"id":0,"lat":-6.898855,"long":107.624336,"V":3.28,"I":-0.20,"ts":1777349605}
42;3;{"id":0,"lat":null,"long":null,"V":3.28,"I":-0.10,"ts":1777349610}
43;2;{"id":0,"lat":null,"long":null,"V":3.26,"I":-0.20,"ts":1777349615}
44;3;{"id":0,"lat":null,"long":null,"V":3.28,"I":-0.10,"ts":1777349620}
45;2;{"id":0,"lat":null,"long":null,"V":3.27,"I":-0.20,"ts":1777349625}
46;3;{"id":0,"lat":null,"long":null,"V":3.26,"I":0.10,"ts":1777349630}
47;3;{"id":0,"lat":null,"long":null,"V":3.27,"I":-0.20,"ts":1777349635}
48;2;{"id":0,"lat":null,"long":null,"V":3.28,"I":-0.40,"ts":1777349641}
49;2;{"id":0,"lat":null,"long":null,"V":3.28,"I":-0.10,"ts":1777349646}
50;3;{"id":0,"lat":-6.898860,"long":107.624352,"V":3.28,"I":-0.20,"ts":1777349651}
51;3;{"id":0,"lat":-6.898860,"long":107.624352,"V":3.28,"I":-0.10,"ts":1777349656}
52;3;{"id":0,"lat":null,"long":null,"V":3.27,"I":0.10,"ts":1777349661}
53;3;{"id":0,"lat":null,"long":null,"V":3.27,"I":0.10,"ts":1777349666}
54;3;{"id":0,"lat":null,"long":null,"V":3.28,"I":-0.30,"ts":1777349671}
55;3;{"id":0,"lat":null,"long":null,"V":3.28,"I":-0.20,"ts":1777349676}
56;3;{"id":0,"lat":null,"long":null,"V":3.28,"I":0.00,"ts":1777349681}
57;2;{"id":0,"lat":null,"long":null,"V":3.29,"I":-0.30,"ts":1777349687}
58;2;{"id":0,"lat":null,"long":null,"V":3.29,"I":-0.40,"ts":1777349692}
59;3;{"id":0,"lat":-6.898862,"long":107.624336,"V":3.29,"I":-0.10,"ts":1777349697}
60;3;{"id":0,"lat":-6.898862,"long":107.624336,"V":3.28,"I":-0.50,"ts":1777349702}
61;2;{"id":0,"lat":null,"long":null,"V":3.28,"I":-0.10,"ts":1777349707}
62;3;{"id":0,"lat":null,"long":null,"V":3.28,"I":0.00,"ts":1777349712}
63;3;{"id":0,"lat":null,"long":null,"V":3.27,"I":-0.20,"ts":1777349717}
64;3;{"id":0,"lat":null,"long":null,"V":3.30,"I":-0.20,"ts":1777349722}
65;3;{"id":0,"lat":null,"long":null,"V":3.30,"I":0.00,"ts":1777349727}
66;3;{"id":0,"lat":null,"long":null,"V":3.29,"I":-0.40,"ts":1777349733}
67;3;{"id":0,"lat":-6.898863,"long":107.624336,"V":3.29,"I":0.00,"ts":1777349738}
68;3;{"id":0,"lat":-6.898863,"long":107.624336,"V":3.29,"I":0.10,"ts":1777349743}
69;3;{"id":0,"lat":null,"long":null,"V":3.29,"I":0.10,"ts":1777349748}
70;3;{"id":0,"lat":null,"long":null,"V":3.29,"I":-0.40,"ts":1777349753}
71;3;{"id":0,"lat":null,"long":null,"V":3.29,"I":0.10,"ts":1777349758}
72;3;{"id":0,"lat":null,"long":null,"V":3.30,"I":0.10,"ts":1777349764}
73;3;{"id":0,"lat":null,"long":null,"V":3.29,"I":-0.40,"ts":1777349769}
74;3;{"id":0,"lat":null,"long":null,"V":3.30,"I":-0.20,"ts":1777349774}
75;3;{"id":0,"lat":-6.898863,"long":107.624336,"V":3.30,"I":-0.30,"ts":1777349779}
76;2;{"id":0,"lat":null,"long":null,"V":3.29,"I":-0.10,"ts":1777349784}
77;3;{"id":0,"lat":null,"long":null,"V":3.29,"I":0.00,"ts":1777349789}
78;3;{"id":0,"lat":null,"long":null,"V":3.30,"I":0.00,"ts":1777349794}
79;2;{"id":0,"lat":null,"long":null,"V":3.30,"I":0.00,"ts":1777349799}
80;3;{"id":0,"lat":null,"long":null,"V":3.30,"I":-0.20,"ts":1777349804}
81;3;{"id":0,"lat":null,"long":null,"V":3.30,"I":-0.10,"ts":1777349810}
82;3;{"id":0,"lat":null,"long":null,"V":3.30,"I":-0.40,"ts":1777349815}
83;3;{"id":0,"lat":-6.898862,"long":107.624336,"V":3.29,"I":0.10,"ts":1777349820}
84;3;{"id":0,"lat":null,"long":null,"V":3.29,"I":-0.10,"ts":1777349825}
85;2;{"id":0,"lat":null,"long":null,"V":3.29,"I":-0.10,"ts":1777349830}
86;2;{"id":0,"lat":null,"long":null,"V":3.29,"I":0.00,"ts":1777349835}
87;2;{"id":0,"lat":null,"long":null,"V":3.30,"I":-0.10,"ts":1777349840}
88;2;{"id":0,"lat":null,"long":null,"V":3.29,"I":-0.20,"ts":1777349845}
89;3;{"id":0,"lat":null,"long":null,"V":3.29,"I":0.10,"ts":1777349850}
90;2;{"id":0,"lat":null,"long":null,"V":3.29,"I":0.00,"ts":1777349855}
91;3;{"id":0,"lat":null,"long":null,"V":3.29,"I":-0.20,"ts":1777349860}
92;3;{"id":0,"lat":null,"long":null,"V":3.29,"I":0.10,"ts":1777349866}
93;3;{"id":0,"lat":-6.898860,"long":107.624336,"V":3.29,"I":-0.30,"ts":1777349871}
94;3;{"id":0,"lat":-6.898860,"long":107.624336,"V":3.30,"I":0.10,"ts":1777349876}
95;3;{"id":0,"lat":-6.898860,"long":107.624336,"V":3.29,"I":-0.10,"ts":1777349881}
96;3;{"id":0,"lat":-6.898860,"long":107.624336,"V":3.28,"I":-0.20,"ts":1777349886}
97;3;{"id":0,"lat":null,"long":null,"V":3.29,"I":-0.40,"ts":1777349891}
98;3;{"id":0,"lat":null,"long":null,"V":3.29,"I":0.10,"ts":1777349896}
99;3;{"id":0,"lat":null,"long":null,"V":3.28,"I":-0.20,"ts":1777349901}
100;3;{"id":0,"lat":null,"long":null,"V":3.29,"I":-0.20,"ts":1777349906}
101;3;{"id":0,"lat":null,"long":null,"V":3.29,"I":-0.10,"ts":1777349911}
102;3;{"id":0,"lat":null,"long":null,"V":3.29,"I":-0.10,"ts":1777349916}
103;3;{"id":0,"lat":null,"long":null,"V":3.29,"I":-0.10,"ts":1777349921}
104;3;{"id":0,"lat":null,"long":null,"V":3.28,"I":-0.10,"ts":1777349927}
105;3;{"id":0,"lat":null,"long":null,"V":3.27,"I":0.00,"ts":1777349932}
106;3;{"id":0,"lat":-6.898860,"long":107.624336,"V":3.27,"I":-0.30,"ts":1777349937}
107;3;{"id":0,"lat":null,"long":null,"V":3.27,"I":-0.10,"ts":1777349942}
108;3;{"id":0,"lat":null,"long":null,"V":3.29,"I":-0.10,"ts":1777349947}
109;3;{"id":0,"lat":null,"long":null,"V":3.29,"I":-0.20,"ts":1777349952}
110;3;{"id":0,"lat":null,"long":null,"V":3.27,"I":0.10,"ts":1777349957}
111;3;{"id":0,"lat":null,"long":null,"V":3.27,"I":-0.20,"ts":1777349963}
112;2;{"id":0,"lat":null,"long":null,"V":3.27,"I":-0.20,"ts":1777349968}
113;3;{"id":0,"lat":-6.898860,"long":107.624336,"V":3.27,"I":-0.10,"ts":1777349973}
114;3;{"id":0,"lat":-6.898860,"long":107.624336,"V":3.27,"I":-0.10,"ts":1777349978}
115;3;{"id":0,"lat":-6.898860,"long":107.624336,"V":3.28,"I":-0.10,"ts":1777349983}
116;3;{"id":0,"lat":null,"long":null,"V":3.30,"I":0.10,"ts":1777349988}
117;2;{"id":0,"lat":null,"long":null,"V":3.29,"I":-0.10,"ts":1777349993}
118;3;{"id":0,"lat":null,"long":null,"V":3.30,"I":0.10,"ts":1777349998}
119;2;{"id":0,"lat":null,"long":null,"V":3.30,"I":-0.10,"ts":1777350003}
120;2;{"id":0,"lat":null,"long":null,"V":3.29,"I":-0.30,"ts":1777350008}
121;3;{"id":0,"lat":null,"long":null,"V":3.29,"I":-0.20,"ts":1777350013}
122;3;{"id":0,"lat":null,"long":null,"V":3.29,"I":-0.10,"ts":1777350018}
123;3;{"id":0,"lat":null,"long":null,"V":3.29,"I":-0.40,"ts":1777350023}
124;3;{"id":0,"lat":null,"long":null,"V":3.29,"I":0.10,"ts":1777350028}
125;3;{"id":0,"lat":null,"long":null,"V":3.30,"I":0.00,"ts":1777350033}
126;3;{"id":0,"lat":null,"long":null,"V":3.30,"I":-0.20,"ts":1777350039}
127;3;{"id":0,"lat":null,"long":null,"V":3.30,"I":-0.20,"ts":1777350044}
128;3;{"id":0,"lat":-6.898860,"long":107.624336,"V":3.30,"I":-0.30,"ts":1777350049}
129;3;{"id":0,"lat":null,"long":null,"V":3.29,"I":-0.10,"ts":1777350054}
130;3;{"id":0,"lat":null,"long":null,"V":3.29,"I":0.00,"ts":1777350059}
131;3;{"id":0,"lat":null,"long":null,"V":3.30,"I":-0.20,"ts":1777350064}
132;3;{"id":0,"lat":null,"long":null,"V":3.30,"I":0.20,"ts":1777350070}
133;3;{"id":0,"lat":null,"long":null,"V":3.27,"I":-0.50,"ts":1777350075}
134;3;{"id":0,"lat":-6.898860,"long":107.624313,"V":3.27,"I":0.10,"ts":1777350080}
135;3;{"id":0,"lat":-6.898860,"long":107.624313,"V":3.29,"I":-0.10,"ts":1777350085}
136;3;{"id":0,"lat":-6.898860,"long":107.624313,"V":3.29,"I":0.20,"ts":1777350090}
137;3;{"id":0,"lat":-6.898860,"long":107.624313,"V":3.29,"I":-0.20,"ts":1777350095}
138;3;{"id":0,"lat":null,"long":null,"V":3.27,"I":-0.10,"ts":1777350100}
139;3;{"id":0,"lat":-6.898860,"long":107.624313,"V":3.29,"I":0.00,"ts":1777350105}
140;3;{"id":0,"lat":null,"long":null,"V":3.29,"I":0.00,"ts":1777350110}
141;2;{"id":0,"lat":null,"long":null,"V":3.27,"I":0.10,"ts":1777350115}
142;2;{"id":0,"lat":null,"long":null,"V":3.29,"I":-0.10,"ts":1777350120}
143;3;{"id":0,"lat":null,"long":null,"V":3.29,"I":-0.10,"ts":1777350125}
144;3;{"id":0,"lat":null,"long":null,"V":3.29,"I":-0.20,"ts":1777350131}
145;3;{"id":0,"lat":null,"long":null,"V":3.28,"I":-0.20,"ts":1777350136}
146;3;{"id":0,"lat":-6.898860,"long":107.624313,"V":3.29,"I":0.00,"ts":1777350141}
147;3;{"id":0,"lat":-6.898860,"long":107.624313,"V":3.30,"I":0.10,"ts":1777350146}
148;2;{"id":0,"lat":null,"long":null,"V":3.30,"I":-0.40,"ts":1777350151}
149;3;{"id":0,"lat":null,"long":null,"V":3.30,"I":-0.10,"ts":1777350156}
150;2;{"id":0,"lat":null,"long":null,"V":3.29,"I":0.00,"ts":1777350161}
151;3;{"id":0,"lat":null,"long":null,"V":3.30,"I":0.00,"ts":1777350167}
152;3;{"id":0,"lat":null,"long":null,"V":3.30,"I":-0.10,"ts":1777350172}
153;2;{"id":0,"lat":null,"long":null,"V":3.30,"I":-0.10,"ts":1777350177}
154;3;{"id":0,"lat":-6.898860,"long":107.624313,"V":3.29,"I":-0.30,"ts":1777350182}
155;2;{"id":0,"lat":null,"long":null,"V":3.29,"I":0.10,"ts":1777350187}
156;2;{"id":0,"lat":null,"long":null,"V":3.29,"I":-0.10,"ts":1777350192}
157;3;{"id":0,"lat":null,"long":null,"V":3.29,"I":-0.40,"ts":1777350197}
158;3;{"id":0,"lat":null,"long":null,"V":3.30,"I":0.00,"ts":1777350202}
159;3;{"id":0,"lat":null,"long":null,"V":3.30,"I":0.00,"ts":1777350207}
160;3;{"id":0,"lat":null,"long":null,"V":3.30,"I":0.00,"ts":1777350213}
161;3;{"id":0,"lat":null,"long":null,"V":3.30,"I":-0.30,"ts":1777350218}
162;2;{"id":0,"lat":null,"long":null,"V":3.30,"I":-0.20,"ts":1777350223}
163;3;{"id":0,"lat":-6.898860,"long":107.624313,"V":3.30,"I":-0.30,"ts":1777350228}
164;2;{"id":0,"lat":null,"long":null,"V":3.29,"I":-0.30,"ts":1777350233}
165;3;{"id":0,"lat":null,"long":null,"V":3.30,"I":0.00,"ts":1777350238}
166;3;{"id":0,"lat":null,"long":null,"V":3.30,"I":0.10,"ts":1777350243}
167;3;{"id":0,"lat":null,"long":null,"V":3.29,"I":-0.10,"ts":1777350248}
168;3;{"id":0,"lat":null,"long":null,"V":3.29,"I":-0.30,"ts":1777350253}
169;3;{"id":0,"lat":null,"long":null,"V":3.30,"I":-0.10,"ts":1777350258}
170;3;{"id":0,"lat":null,"long":null,"V":3.29,"I":0.00,"ts":1777350264}
171;2;{"id":0,"lat":null,"long":null,"V":3.30,"I":-0.30,"ts":1777350269}
172;3;{"id":0,"lat":-6.898860,"long":107.624313,"V":3.30,"I":0.10,"ts":1777350274}
173;3;{"id":0,"lat":null,"long":null,"V":3.29,"I":-0.10,"ts":1777350279}
174;3;{"id":0,"lat":null,"long":null,"V":3.29,"I":-0.20,"ts":1777350284}
175;2;{"id":0,"lat":null,"long":null,"V":3.29,"I":0.00,"ts":1777350289}
176;3;{"id":0,"lat":null,"long":null,"V":3.30,"I":-0.30,"ts":1777350294}
177;3;{"id":0,"lat":null,"long":null,"V":3.30,"I":-0.20,"ts":1777350299}
178;3;{"id":0,"lat":null,"long":null,"V":3.30,"I":0.00,"ts":1777350304}
179;2;{"id":0,"lat":null,"long":null,"V":3.30,"I":-0.10,"ts":1777350310}
180;3;{"id":0,"lat":null,"long":null,"V":3.30,"I":-0.20,"ts":1777350315}
181;3;{"id":0,"lat":null,"long":null,"V":3.30,"I":0.00,"ts":1777350320}
182;3;{"id":0,"lat":-6.898862,"long":107.624313,"V":3.30,"I":-0.20,"ts":1777350325}
183;2;{"id":0,"lat":null,"long":null,"V":3.30,"I":0.10,"ts":1777350330}
184;2;{"id":0,"lat":null,"long":null,"V":3.30,"I":-0.30,"ts":1777350335}
185;3;{"id":0,"lat":null,"long":null,"V":3.30,"I":-0.20,"ts":1777350340}
186;3;{"id":0,"lat":null,"long":null,"V":3.30,"I":-0.30,"ts":1777350345}
187;3;{"id":0,"lat":null,"long":null,"V":3.30,"I":-0.20,"ts":1777350350}
188;3;{"id":0,"lat":null,"long":null,"V":3.30,"I":-0.10,"ts":1777350356}
189;3;{"id":0,"lat":-6.898863,"long":107.624313,"V":3.30,"I":-0.10,"ts":1777350361}
190;3;{"id":0,"lat":-6.898863,"long":107.624313,"V":3.30,"I":-0.10,"ts":1777350366}
191;3;{"id":0,"lat":null,"long":null,"V":3.28,"I":-0.20,"ts":1777350371}
192;3;{"id":0,"lat":null,"long":null,"V":3.30,"I":0.00,"ts":1777350376}
193;3;{"id":0,"lat":null,"long":null,"V":3.30,"I":0.00,"ts":1777350381}
194;3;{"id":0,"lat":null,"long":null,"V":3.30,"I":0.00,"ts":1777350386}
195;3;{"id":0,"lat":null,"long":null,"V":3.30,"I":-0.30,"ts":1777350391}
196;2;{"id":0,"lat":null,"long":null,"V":3.30,"I":-0.40,"ts":1777350397}
197;3;{"id":0,"lat":null,"long":null,"V":3.30,"I":-0.50,"ts":1777350402}
198;3;{"id":0,"lat":-6.898863,"long":107.624313,"V":3.30,"I":-0.10,"ts":1777350407}
199;3;{"id":0,"lat":-6.898863,"long":107.624313,"V":3.30,"I":-0.20,"ts":1777350412}
200;3;{"id":0,"lat":null,"long":null,"V":3.30,"I":0.10,"ts":1777350417}
201;2;{"id":0,"lat":null,"long":null,"V":3.30,"I":-0.30,"ts":1777350422}
202;3;{"id":0,"lat":null,"long":null,"V":3.30,"I":-0.30,"ts":1777350427}
203;3;{"id":0,"lat":null,"long":null,"V":3.30,"I":-0.20,"ts":1777350432}
204;2;{"id":0,"lat":null,"long":null,"V":3.30,"I":0.00,"ts":1777350437}
205;2;{"id":0,"lat":null,"long":null,"V":3.30,"I":-0.30,"ts":1777350442}
206;2;{"id":0,"lat":null,"long":null,"V":3.30,"I":-0.10,"ts":1777350448}
207;3;{"id":0,"lat":null,"long":null,"V":3.30,"I":-0.20,"ts":1777350453}
208;3;{"id":0,"lat":null,"long":null,"V":3.30,"I":-0.40,"ts":1777350458}
209;3;{"id":0,"lat":null,"long":null,"V":3.30,"I":-0.20,"ts":1777350463}
210;3;{"id":0,"lat":null,"long":null,"V":3.30,"I":-0.30,"ts":1777350468}
211;2;{"id":0,"lat":null,"long":null,"V":3.30,"I":0.20,"ts":1777350473}
212;3;{"id":0,"lat":null,"long":null,"V":3.30,"I":-0.40,"ts":1777350478}
213;2;{"id":0,"lat":null,"long":null,"V":3.30,"I":-0.20,"ts":1777350483}
214;3;{"id":0,"lat":null,"long":null,"V":3.30,"I":-0.10,"ts":1777350488}
215;3;{"id":0,"lat":null,"long":null,"V":3.30,"I":-0.10,"ts":1777350494}
216;3;{"id":0,"lat":null,"long":null,"V":3.30,"I":-0.20,"ts":1777350499}
217;2;{"id":0,"lat":null,"long":null,"V":3.30,"I":0.10,"ts":1777350504}
218;2;{"id":0,"lat":null,"long":null,"V":3.30,"I":-0.10,"ts":1777350509}
219;3;{"id":0,"lat":null,"long":null,"V":3.30,"I":-0.20,"ts":1777350514}
220;2;{"id":0,"lat":null,"long":null,"V":3.30,"I":-0.20,"ts":1777350519}
221;3;{"id":0,"lat":null,"long":null,"V":3.30,"I":-0.30,"ts":1777350524}
222;3;{"id":0,"lat":null,"long":null,"V":3.30,"I":-0.30,"ts":1777350529}
223;3;{"id":0,"lat":null,"long":null,"V":3.30,"I":-0.10,"ts":1777350535}
224;3;{"id":0,"lat":-6.898865,"long":107.624313,"V":3.30,"I":-0.30,"ts":1777350540}
225;3;{"id":0,"lat":-6.898865,"long":107.624313,"V":3.30,"I":0.30,"ts":1777350545}
226;3;{"id":0,"lat":null,"long":null,"V":3.30,"I":-0.40,"ts":1777350550}
227;3;{"id":0,"lat":null,"long":null,"V":3.30,"I":-0.20,"ts":1777350555}
228;3;{"id":0,"lat":null,"long":null,"V":3.30,"I":0.10,"ts":1777350560}
229;3;{"id":0,"lat":null,"long":null,"V":3.30,"I":-0.40,"ts":1777350565}
230;3;{"id":0,"lat":null,"long":null,"V":3.30,"I":-0.40,"ts":1777350570}
231;3;{"id":0,"lat":null,"long":null,"V":3.30,"I":-0.10,"ts":1777350575}
232;3;{"id":0,"lat":null,"long":null,"V":3.30,"I":-0.20,"ts":1777350581}
233;3;{"id":0,"lat":null,"long":null,"V":3.28,"I":-0.20,"ts":1777350586}
234;3;{"id":0,"lat":-6.898866,"long":107.624313,"V":3.30,"I":0.10,"ts":1777350591}
235;3;{"id":0,"lat":null,"long":null,"V":3.30,"I":-0.20,"ts":1777350596}
236;3;{"id":0,"lat":null,"long":null,"V":3.30,"I":-0.20,"ts":1777350601}
237;2;{"id":0,"lat":null,"long":null,"V":3.30,"I":-0.10,"ts":1777350606}
238;3;{"id":0,"lat":null,"long":null,"V":3.30,"I":0.00,"ts":1777350611}
239;3;{"id":0,"lat":null,"long":null,"V":3.30,"I":-0.10,"ts":1777350616}
240;3;{"id":0,"lat":null,"long":null,"V":3.30,"I":0.10,"ts":1777350621}
241;3;{"id":0,"lat":null,"long":null,"V":3.30,"I":-0.20,"ts":1777350627}
242;3;{"id":0,"lat":null,"long":null,"V":3.30,"I":-0.10,"ts":1777350632}
243;3;{"id":0,"lat":-6.898867,"long":107.624313,"V":3.30,"I":-0.30,"ts":1777350637}
244;2;{"id":0,"lat":null,"long":null,"V":3.30,"I":-0.20,"ts":1777350642}
245;3;{"id":0,"lat":null,"long":null,"V":3.30,"I":-0.40,"ts":1777350647}
246;3;{"id":0,"lat":null,"long":null,"V":3.30,"I":-0.20,"ts":1777350652}
247;2;{"id":0,"lat":null,"long":null,"V":3.30,"I":-0.20,"ts":1777350657}
248;2;{"id":0,"lat":null,"long":null,"V":3.30,"I":-0.20,"ts":1777350662}
249;3;{"id":0,"lat":null,"long":null,"V":3.30,"I":0.10,"ts":1777350668}
250;3;{"id":0,"lat":-6.898868,"long":107.624313,"V":3.30,"I":-0.20,"ts":1777350673}
251;3;{"id":0,"lat":-6.898868,"long":107.624313,"V":3.30,"I":-0.20,"ts":1777350678}
252;2;{"id":0,"lat":null,"long":null,"V":3.30,"I":-0.30,"ts":1777350683}
253;3;{"id":0,"lat":null,"long":null,"V":3.30,"I":-0.10,"ts":1777350688}
254;3;{"id":0,"lat":null,"long":null,"V":3.30,"I":-0.30,"ts":1777350693}
255;3;{"id":0,"lat":null,"long":null,"V":3.30,"I":-0.30,"ts":1777350698}
256;3;{"id":0,"lat":null,"long":null,"V":3.30,"I":0.30,"ts":1777350704}
257;3;{"id":0,"lat":-6.898869,"long":107.624313,"V":3.29,"I":-0.30,"ts":1777350709}
258;3;{"id":0,"lat":101.650002,"long":101.650002,"V":3.30,"I":-0.40,"ts":1777350721}
259;3;{"id":0,"lat":null,"long":null,"V":3.30,"I":-0.20,"ts":1777350726}
260;3;{"id":0,"lat":null,"long":null,"V":3.30,"I":0.10,"ts":1777350731}
261;3;{"id":0,"lat":null,"long":null,"V":3.30,"I":-0.40,"ts":1777350736}
262;3;{"id":0,"lat":null,"long":null,"V":3.30,"I":0.10,"ts":1777350741}
263;3;{"id":0,"lat":null,"long":null,"V":3.30,"I":-0.10,"ts":1777350746}
264;3;{"id":0,"lat":null,"long":null,"V":3.30,"I":-0.20,"ts":1777350752}
265;3;{"id":0,"lat":-6.898869,"long":107.624313,"V":3.29,"I":0.00,"ts":1777350757}
266;3;{"id":0,"lat":null,"long":null,"V":3.30,"I":-0.20,"ts":1777350762}
267;3;{"id":0,"lat":null,"long":null,"V":3.30,"I":-0.20,"ts":1777350767}
268;3;{"id":0,"lat":null,"long":null,"V":3.30,"I":0.10,"ts":1777350772}
269;2;{"id":0,"lat":null,"long":null,"V":3.30,"I":-0.10,"ts":1777350777}
270;3;{"id":0,"lat":null,"long":null,"V":3.30,"I":-0.20,"ts":1777350783}
271;3;{"id":0,"lat":null,"long":null,"V":3.30,"I":0.10,"ts":1777350788}
272;3;{"id":0,"lat":-6.898869,"long":107.624313,"V":3.30,"I":0.10,"ts":1777350793}
273;3;{"id":0,"lat":null,"long":null,"V":3.30,"I":-0.20,"ts":1777350798}
274;3;{"id":0,"lat":null,"long":null,"V":3.29,"I":-0.10,"ts":1777350803}
275;3;{"id":0,"lat":null,"long":null,"V":3.29,"I":0.00,"ts":1777350808}
276;3;{"id":0,"lat":null,"long":null,"V":3.29,"I":-0.20,"ts":1777350814}
277;3;{"id":0,"lat":null,"long":null,"V":3.30,"I":-0.20,"ts":1777350819}
278;2;{"id":0,"lat":null,"long":null,"V":3.30,"I":-0.10,"ts":1777350824}
279;3;{"id":0,"lat":-6.898869,"long":107.624313,"V":3.29,"I":-0.10,"ts":1777350829}
280;3;{"id":0,"lat":null,"long":null,"V":3.30,"I":-0.10,"ts":1777350834}
281;3;{"id":0,"lat":null,"long":null,"V":3.30,"I":0.10,"ts":1777350839}
282;3;{"id":0,"lat":null,"long":null,"V":3.29,"I":-0.10,"ts":1777350844}
283;3;{"id":0,"lat":null,"long":null,"V":3.29,"I":0.00,"ts":1777350849}
284;3;{"id":0,"lat":null,"long":null,"V":3.30,"I":0.00,"ts":1777350854}
285;3;{"id":0,"lat":null,"long":null,"V":3.30,"I":-0.20,"ts":1777350859}
286;2;{"id":0,"lat":null,"long":null,"V":3.30,"I":-0.30,"ts":1777350865}
287;2;{"id":0,"lat":null,"long":null,"V":3.29,"I":-0.10,"ts":1777350870}
288;3;{"id":0,"lat":null,"long":null,"V":3.30,"I":0.10,"ts":1777350875}
289;3;{"id":0,"lat":-6.898871,"long":107.624298,"V":3.29,"I":0.20,"ts":1777350880}
290;3;{"id":0,"lat":null,"long":null,"V":3.30,"I":0.10,"ts":1777350885}
291;3;{"id":0,"lat":null,"long":null,"V":3.29,"I":-0.30,"ts":1777350890}
292;3;{"id":0,"lat":null,"long":null,"V":3.30,"I":-0.10,"ts":1777350895}
293;2;{"id":0,"lat":null,"long":null,"V":3.29,"I":-0.20,"ts":1777350900}
294;3;{"id":0,"lat":null,"long":null,"V":3.30,"I":-0.10,"ts":1777350906}
295;3;{"id":0,"lat":null,"long":null,"V":3.30,"I":-0.10,"ts":1777350911}
296;3;{"id":0,"lat":null,"long":null,"V":3.29,"I":0.00,"ts":1777350916}
297;3;{"id":0,"lat":-6.898872,"long":107.624283,"V":3.30,"I":-0.20,"ts":1777350921}
298;3;{"id":0,"lat":-6.898872,"long":107.624283,"V":3.29,"I":0.00,"ts":1777350926}
299;3;{"id":0,"lat":null,"long":null,"V":3.29,"I":0.00,"ts":1777350931}
300;3;{"id":0,"lat":null,"long":null,"V":3.29,"I":0.00,"ts":1777350936}
301;2;{"id":0,"lat":null,"long":null,"V":3.29,"I":0.10,"ts":1777350941}
302;3;{"id":0,"lat":null,"long":null,"V":3.30,"I":-0.20,"ts":1777350947}
303;3;{"id":0,"lat":-6.898872,"long":107.624283,"V":3.30,"I":-0.10,"ts":1777350952}
304;3;{"id":0,"lat":null,"long":null,"V":3.30,"I":0.00,"ts":1777350957}
305;3;{"id":0,"lat":null,"long":null,"V":3.30,"I":0.00,"ts":1777350962}
306;2;{"id":0,"lat":null,"long":null,"V":3.30,"I":-0.10,"ts":1777350967}
307;3;{"id":0,"lat":null,"long":null,"V":3.29,"I":-0.30,"ts":1777350972}
308;3;{"id":0,"lat":null,"long":null,"V":3.30,"I":-0.20,"ts":1777350978}
309;2;{"id":0,"lat":null,"long":null,"V":3.30,"I":0.10,"ts":1777350983}
310;3;{"id":0,"lat":null,"long":null,"V":3.29,"I":0.00,"ts":1777350988}
311;302;{"id":0,"lat":null,"long":null,"V":3.30,"I":-0.20,"ts":1777350993}
312;2;{"id":0,"lat":null,"long":null,"V":3.29,"I":-0.20,"ts":1777350998}
313;2;{"id":0,"lat":null,"long":null,"V":3.30,"I":-0.20,"ts":1777351003}
314;3;{"id":0,"lat":-6.898872,"long":107.624268,"V":3.30,"I":-0.30,"ts":1777351008}
315;3;{"id":0,"lat":-6.898872,"long":107.624268,"V":3.29,"I":-0.20,"ts":1777351013}
316;3;{"id":0,"lat":null,"long":null,"V":3.29,"I":0.10,"ts":1777351018}
317;2;{"id":0,"lat":null,"long":null,"V":3.29,"I":-0.30,"ts":1777351023}
318;2;{"id":0,"lat":null,"long":null,"V":3.29,"I":-0.20,"ts":1777351028}
319;3;{"id":0,"lat":null,"long":null,"V":3.28,"I":0.10,"ts":1777351034}
320;3;{"id":0,"lat":null,"long":null,"V":3.27,"I":-0.30,"ts":1777351039}
321;3;{"id":0,"lat":-6.898872,"long":107.624268,"V":3.27,"I":-0.40,"ts":1777351044}
322;3;{"id":0,"lat":null,"long":null,"V":3.29,"I":0.00,"ts":1777351049}
323;3;{"id":0,"lat":null,"long":null,"V":3.29,"I":-0.20,"ts":1777351054}
324;3;{"id":0,"lat":null,"long":null,"V":3.30,"I":0.00,"ts":1777351059}
325;3;{"id":0,"lat":null,"long":null,"V":3.29,"I":0.20,"ts":1777351064}
326;3;{"id":0,"lat":null,"long":null,"V":3.29,"I":-0.20,"ts":1777351069}
327;3;{"id":0,"lat":null,"long":null,"V":3.30,"I":-0.30,"ts":1777351075}
328;3;{"id":0,"lat":null,"long":null,"V":3.30,"I":0.00,"ts":1777351080}
329;3;{"id":0,"lat":-6.898872,"long":107.624252,"V":3.30,"I":-0.20,"ts":1777351085}
330;2;{"id":0,"lat":null,"long":null,"V":3.29,"I":-0.40,"ts":1777351090}
331;3;{"id":0,"lat":null,"long":null,"V":3.27,"I":0.10,"ts":1777351095}
332;3;{"id":0,"lat":null,"long":null,"V":3.28,"I":-0.30,"ts":1777351100}
333;2;{"id":0,"lat":null,"long":null,"V":3.28,"I":-0.40,"ts":1777351106}
334;3;{"id":0,"lat":-6.898872,"long":107.624252,"V":3.28,"I":-0.20,"ts":1777351111}
335;3;{"id":0,"lat":-6.898871,"long":107.624252,"V":3.30,"I":-0.20,"ts":1777351116}
336;2;{"id":0,"lat":null,"long":null,"V":3.30,"I":0.00,"ts":1777351121}
337;3;{"id":0,"lat":null,"long":null,"V":3.29,"I":0.10,"ts":1777351126}
338;3;{"id":0,"lat":null,"long":null,"V":3.30,"I":0.00,"ts":1777351131}
339;3;{"id":0,"lat":null,"long":null,"V":3.30,"I":-0.10,"ts":1777351137}
340;3;{"id":0,"lat":null,"long":null,"V":3.30,"I":-0.30,"ts":1777351142}
341;2;{"id":0,"lat":null,"long":null,"V":3.30,"I":0.10,"ts":1777351147}
342;3;{"id":0,"lat":-6.898871,"long":107.624252,"V":3.30,"I":-0.10,"ts":1777351152}
343;3;{"id":0,"lat":-6.898871,"long":107.624252,"V":3.30,"I":-0.10,"ts":1777351157}
344;3;{"id":0,"lat":null,"long":null,"V":3.30,"I":-0.10,"ts":1777351162}
345;3;{"id":0,"lat":null,"long":null,"V":3.30,"I":-0.20,"ts":1777351167}
346;3;{"id":0,"lat":null,"long":null,"V":3.30,"I":0.00,"ts":1777351172}
347;3;{"id":0,"lat":null,"long":null,"V":3.30,"I":-0.20,"ts":1777351177}
348;3;{"id":0,"lat":null,"long":null,"V":3.30,"I":-0.10,"ts":1777351182}
349;3;{"id":0,"lat":null,"long":null,"V":3.30,"I":-0.50,"ts":1777351188}
350;3;{"id":0,"lat":null,"long":null,"V":3.30,"I":-0.30,"ts":1777351193}
351;3;{"id":0,"lat":-6.898870,"long":107.624252,"V":3.30,"I":0.40,"ts":1777351198}
352;2;{"id":0,"lat":null,"long":null,"V":3.30,"I":0.10,"ts":1777351203}
353;3;{"id":0,"lat":null,"long":null,"V":3.30,"I":-0.20,"ts":1777351208}
354;3;{"id":0,"lat":null,"long":null,"V":3.30,"I":0.10,"ts":1777351213}
355;3;{"id":0,"lat":null,"long":null,"V":3.30,"I":-0.40,"ts":1777351218}
356;2;{"id":0,"lat":null,"long":null,"V":3.30,"I":0.10,"ts":1777351224}
357;3;{"id":0,"lat":null,"long":null,"V":3.30,"I":-0.30,"ts":1777351229}
358;3;{"id":0,"lat":null,"long":null,"V":3.30,"I":-0.20,"ts":1777351234}
359;3;{"id":0,"lat":null,"long":null,"V":3.30,"I":-0.10,"ts":1777351239}
360;3;{"id":0,"lat":null,"long":null,"V":3.30,"I":-0.20,"ts":1777351244}
361;3;{"id":0,"lat":-6.898871,"long":107.624268,"V":3.30,"I":-0.10,"ts":1777351249}
362;3;{"id":0,"lat":-6.898871,"long":107.624268,"V":3.30,"I":-0.10,"ts":1777351254}
363;3;{"id":0,"lat":-6.898871,"long":107.624268,"V":3.30,"I":-0.30,"ts":1777351259}
364;3;{"id":0,"lat":-6.898870,"long":107.624268,"V":3.30,"I":-0.10,"ts":1777351264}
365;3;{"id":0,"lat":-6.898870,"long":107.624268,"V":3.30,"I":-0.10,"ts":1777351269}
366;3;{"id":0,"lat":-6.898870,"long":107.624268,"V":3.30,"I":-0.10,"ts":1777351274}
367;3;{"id":0,"lat":null,"long":null,"V":3.30,"I":0.00,"ts":1777351279}
368;3;{"id":0,"lat":null,"long":null,"V":3.30,"I":-0.20,"ts":1777351284}
369;2;{"id":0,"lat":null,"long":null,"V":3.30,"I":-0.20,"ts":1777351289}
370;2;{"id":0,"lat":null,"long":null,"V":3.30,"I":-0.20,"ts":1777351294}
371;3;{"id":0,"lat":null,"long":null,"V":3.29,"I":-0.10,"ts":1777351299}
372;3;{"id":0,"lat":null,"long":null,"V":3.29,"I":-0.20,"ts":1777351305}
373;3;{"id":0,"lat":-6.898870,"long":107.624268,"V":3.29,"I":-0.40,"ts":1777351310}
374;3;{"id":0,"lat":-6.898870,"long":107.624268,"V":3.29,"I":-0.50,"ts":1777351315}
375;2;{"id":0,"lat":null,"long":null,"V":3.29,"I":0.00,"ts":1777351320}
376;2;{"id":0,"lat":null,"long":null,"V":3.29,"I":-0.30,"ts":1777351325}
377;3;{"id":0,"lat":null,"long":null,"V":3.27,"I":0.10,"ts":1777351330}
378;3;{"id":0,"lat":null,"long":null,"V":3.27,"I":0.00,"ts":1777351335}
379;3;{"id":0,"lat":null,"long":null,"V":3.27,"I":-0.20,"ts":1777351341}
380;3;{"id":0,"lat":-6.898871,"long":107.624268,"V":3.27,"I":-0.40,"ts":1777351346}
381;3;{"id":0,"lat":-6.898871,"long":107.624268,"V":3.27,"I":-0.10,"ts":1777351351}
382;2;{"id":0,"lat":null,"long":null,"V":3.27,"I":-0.20,"ts":1777351356}
383;3;{"id":0,"lat":null,"long":null,"V":3.27,"I":-0.30,"ts":1777351361}
384;3;{"id":0,"lat":null,"long":null,"V":3.27,"I":0.10,"ts":1777351366}
385;3;{"id":0,"lat":null,"long":null,"V":3.27,"I":-0.10,"ts":1777351371}
386;3;{"id":0,"lat":null,"long":null,"V":3.27,"I":-0.10,"ts":1777351376}
387;3;{"id":0,"lat":null,"long":null,"V":3.27,"I":-0.10,"ts":1777351381}
388;3;{"id":0,"lat":null,"long":null,"V":3.27,"I":-0.10,"ts":1777351386}
389;3;{"id":0,"lat":null,"long":null,"V":3.27,"I":0.20,"ts":1777351391}
390;2;{"id":0,"lat":null,"long":null,"V":3.28,"I":-0.40,"ts":1777351396}
391;3;{"id":0,"lat":null,"long":null,"V":3.30,"I":0.10,"ts":1777351402}
392;2;{"id":0,"lat":null,"long":null,"V":3.30,"I":-0.20,"ts":1777351407}
393;3;{"id":0,"lat":-6.898871,"long":107.624268,"V":3.30,"I":-0.20,"ts":1777351412}
394;2;{"id":0,"lat":null,"long":null,"V":3.30,"I":-0.20,"ts":1777351417}
395;3;{"id":0,"lat":-6.898871,"long":107.624268,"V":3.30,"I":-0.20,"ts":1777351422}
396;3;{"id":0,"lat":null,"long":null,"V":3.30,"I":-0.10,"ts":1777351427}
397;3;{"id":0,"lat":null,"long":null,"V":3.30,"I":-0.30,"ts":1777351432}
398;3;{"id":0,"lat":null,"long":null,"V":3.30,"I":-0.10,"ts":1777351437}
399;3;{"id":0,"lat":null,"long":null,"V":3.30,"I":-0.20,"ts":1777351442}
400;3;{"id":0,"lat":null,"long":null,"V":3.30,"I":-0.10,"ts":1777351447}
401;3;{"id":0,"lat":null,"long":null,"V":3.30,"I":-0.20,"ts":1777351452}
402;3;{"id":0,"lat":null,"long":null,"V":3.30,"I":-0.20,"ts":1777351457}
403;2;{"id":0,"lat":null,"long":null,"V":3.30,"I":-0.20,"ts":1777351463}
404;2;{"id":0,"lat":null,"long":null,"V":3.30,"I":0.10,"ts":1777351468}
405;3;{"id":0,"lat":null,"long":null,"V":3.30,"I":-0.10,"ts":1777351473}
406;3;{"id":0,"lat":-6.898873,"long":107.624268,"V":3.30,"I":-0.10,"ts":1777351478}
407;3;{"id":0,"lat":-6.898873,"long":107.624268,"V":3.30,"I":-0.20,"ts":1777351483}
408;3;{"id":0,"lat":null,"long":null,"V":3.30,"I":-0.20,"ts":1777351488}
409;3;{"id":0,"lat":null,"long":null,"V":3.30,"I":-0.30,"ts":1777351493}
410;3;{"id":0,"lat":null,"long":null,"V":3.30,"I":-0.20,"ts":1777351498}
411;3;{"id":0,"lat":null,"long":null,"V":3.30,"I":0.10,"ts":1777351503}
412;2;{"id":0,"lat":null,"long":null,"V":3.30,"I":-0.20,"ts":1777351509}
413;3;{"id":0,"lat":-6.898873,"long":107.624268,"V":3.30,"I":-0.20,"ts":1777351514}
414;3;{"id":0,"lat":-6.898873,"long":107.624252,"V":3.30,"I":-0.20,"ts":1777351519}
415;3;{"id":0,"lat":null,"long":null,"V":3.30,"I":-0.20,"ts":1777351524}
416;2;{"id":0,"lat":null,"long":null,"V":3.30,"I":-0.20,"ts":1777351529}
417;3;{"id":0,"lat":null,"long":null,"V":3.30,"I":-0.20,"ts":1777351534}
418;3;{"id":0,"lat":null,"long":null,"V":3.30,"I":-0.10,"ts":1777351540}
419;3;{"id":0,"lat":null,"long":null,"V":3.30,"I":-0.10,"ts":1777351545}
420;3;{"id":0,"lat":null,"long":null,"V":3.30,"I":-0.10,"ts":1777351550}
421;3;{"id":0,"lat":null,"long":null,"V":3.30,"I":-0.10,"ts":1777351555}
422;3;{"id":0,"lat":null,"long":null,"V":3.30,"I":0.10,"ts":1777351560}
423;3;{"id":0,"lat":-6.898872,"long":107.624252,"V":3.29,"I":-0.10,"ts":1777351565}
424;3;{"id":0,"lat":-6.898872,"long":107.624252,"V":3.30,"I":-0.50,"ts":1777351570}
425;3;{"id":0,"lat":-6.898872,"long":107.624252,"V":3.30,"I":-0.30,"ts":1777351575}
426;3;{"id":0,"lat":-6.898872,"long":107.624252,"V":3.29,"I":-0.20,"ts":1777351580}
427;3;{"id":0,"lat":-6.898872,"long":107.624252,"V":3.29,"I":-0.10,"ts":1777351585}
428;3;{"id":0,"lat":-6.898871,"long":107.624252,"V":3.29,"I":-0.10,"ts":1777351590}
429;3;{"id":0,"lat":-6.898871,"long":107.624252,"V":3.30,"I":-0.30,"ts":1777351595}
430;2;{"id":0,"lat":null,"long":null,"V":3.29,"I":-0.40,"ts":1777351600}
431;3;{"id":0,"lat":-6.898871,"long":107.624252,"V":3.29,"I":-0.40,"ts":1777351605}
432;3;{"id":0,"lat":null,"long":null,"V":3.30,"I":-0.20,"ts":1777351610}
433;2;{"id":0,"lat":null,"long":null,"V":3.29,"I":-0.20,"ts":1777351615}
434;2;{"id":0,"lat":null,"long":null,"V":3.29,"I":-0.30,"ts":1777351620}
435;2;{"id":0,"lat":null,"long":null,"V":3.28,"I":-0.30,"ts":1777351625}
436;2;{"id":0,"lat":null,"long":null,"V":3.29,"I":-0.10,"ts":1777351630}
437;3;{"id":0,"lat":null,"long":null,"V":3.29,"I":0.10,"ts":1777351636}
438;3;{"id":0,"lat":-6.898870,"long":107.624252,"V":3.29,"I":0.10,"ts":1777351641}
439;3;{"id":0,"lat":-6.898870,"long":107.624252,"V":3.29,"I":-0.30,"ts":1777351646}
440;3;{"id":0,"lat":null,"long":null,"V":3.30,"I":0.00,"ts":1777351651}
441;3;{"id":0,"lat":null,"long":null,"V":3.29,"I":-0.20,"ts":1777351656}
442;3;{"id":0,"lat":null,"long":null,"V":3.29,"I":-0.20,"ts":1777351661}
443;3;{"id":0,"lat":null,"long":null,"V":3.29,"I":0.00,"ts":1777351666}
444;3;{"id":0,"lat":null,"long":null,"V":3.29,"I":0.10,"ts":1777351671}
445;3;{"id":0,"lat":null,"long":null,"V":3.29,"I":-0.30,"ts":1777351677}
446;3;{"id":0,"lat":null,"long":null,"V":3.30,"I":-0.30,"ts":1777351682}
447;3;{"id":0,"lat":null,"long":null,"V":3.29,"I":-0.20,"ts":1777351687}
448;3;{"id":0,"lat":null,"long":null,"V":3.30,"I":0.10,"ts":1777351692}
449;2;{"id":0,"lat":null,"long":null,"V":3.29,"I":-0.10,"ts":1777351697}
450;3;{"id":0,"lat":null,"long":null,"V":3.29,"I":0.10,"ts":1777351702}
451;3;{"id":0,"lat":-6.898868,"long":107.624252,"V":3.29,"I":-0.20,"ts":1777351707}
452;3;{"id":0,"lat":-6.898868,"long":107.624252,"V":3.29,"I":-0.10,"ts":1777351712}
453;3;{"id":0,"lat":-6.898867,"long":107.624252,"V":3.29,"I":0.10,"ts":1777351717}
454;2;{"id":0,"lat":null,"long":null,"V":3.29,"I":0.10,"ts":1777351722}
455;3;{"id":0,"lat":null,"long":null,"V":3.29,"I":0.00,"ts":1777351727}
456;3;{"id":0,"lat":-6.898867,"long":107.624252,"V":3.27,"I":0.00,"ts":1777351732}
457;3;{"id":0,"lat":null,"long":null,"V":3.27,"I":0.10,"ts":1777351737}
458;3;{"id":0,"lat":null,"long":null,"V":3.27,"I":-0.30,"ts":1777351742}
459;3;{"id":0,"lat":null,"long":null,"V":3.27,"I":-0.10,"ts":1777351747}
460;3;{"id":0,"lat":null,"long":null,"V":3.28,"I":0.00,"ts":1777351752}
461;2;{"id":0,"lat":null,"long":null,"V":3.27,"I":-0.10,"ts":1777351757}
462;3;{"id":0,"lat":null,"long":null,"V":3.27,"I":0.00,"ts":1777351762}
463;3;{"id":0,"lat":null,"long":null,"V":3.27,"I":-0.30,"ts":1777351768}
464;3;{"id":0,"lat":-6.898866,"long":107.624252,"V":3.28,"I":-0.10,"ts":1777351773}
465;2;{"id":0,"lat":null,"long":null,"V":3.27,"I":0.00,"ts":1777351778}
466;2;{"id":0,"lat":null,"long":null,"V":3.27,"I":0.00,"ts":1777351783}
467;3;{"id":0,"lat":null,"long":null,"V":3.27,"I":0.00,"ts":1777351788}
468;3;{"id":0,"lat":null,"long":null,"V":3.27,"I":-0.20,"ts":1777351794}
469;2;{"id":0,"lat":-6.898866,"long":107.624252,"V":3.27,"I":-0.30,"ts":1777351799}
470;3;{"id":0,"lat":-6.898866,"long":107.624252,"V":3.27,"I":-0.10,"ts":1777351804}
471;2;{"id":0,"lat":null,"long":null,"V":3.27,"I":-0.10,"ts":1777351809}
472;3;{"id":0,"lat":null,"long":null,"V":3.27,"I":-0.10,"ts":1777351814}
473;3;{"id":0,"lat":null,"long":null,"V":3.28,"I":0.10,"ts":1777351819}
474;3;{"id":0,"lat":null,"long":null,"V":3.28,"I":-0.20,"ts":1777351825}
475;2;{"id":0,"lat":null,"long":null,"V":3.28,"I":-0.10,"ts":1777351830}
476;3;{"id":0,"lat":null,"long":null,"V":3.27,"I":0.00,"ts":1777351835}
477;3;{"id":0,"lat":-6.898866,"long":107.624252,"V":3.27,"I":-0.30,"ts":1777351840}
478;2;{"id":0,"lat":null,"long":null,"V":3.27,"I":-0.10,"ts":1777351845}
479;3;{"id":0,"lat":null,"long":null,"V":3.27,"I":-0.10,"ts":1777351850}
480;3;{"id":0,"lat":null,"long":null,"V":3.27,"I":-0.50,"ts":1777351855}
481;3;{"id":0,"lat":null,"long":null,"V":3.28,"I":-0.40,"ts":1777351861}
482;3;{"id":0,"lat":-6.898865,"long":107.624252,"V":3.27,"I":-0.10,"ts":1777351866}
483;3;{"id":0,"lat":-6.898865,"long":107.624252,"V":3.27,"I":-0.20,"ts":1777351871}
484;3;{"id":0,"lat":null,"long":null,"V":3.28,"I":-0.30,"ts":1777351876}
485;3;{"id":0,"lat":null,"long":null,"V":3.26,"I":-0.30,"ts":1777351881}
486;3;{"id":0,"lat":null,"long":null,"V":3.27,"I":0.00,"ts":1777351886}
487;3;{"id":0,"lat":null,"long":null,"V":3.27,"I":0.10,"ts":1777351892}
488;3;{"id":0,"lat":null,"long":null,"V":3.26,"I":0.00,"ts":1777351897}
489;3;{"id":0,"lat":null,"long":null,"V":3.27,"I":0.10,"ts":1777351902}
490;3;{"id":0,"lat":null,"long":null,"V":3.28,"I":-0.10,"ts":1777351907}
491;2;{"id":0,"lat":null,"long":null,"V":3.27,"I":-0.20,"ts":1777351912}
492;3;{"id":0,"lat":null,"long":null,"V":3.27,"I":-0.10,"ts":1777351917}
493;3;{"id":0,"lat":-6.898866,"long":107.624252,"V":3.27,"I":-0.40,"ts":1777351922}
494;2;{"id":0,"lat":null,"long":null,"V":3.27,"I":0.10,"ts":1777351927}
495;3;{"id":0,"lat":null,"long":null,"V":3.27,"I":-0.30,"ts":1777351932}
496;3;{"id":0,"lat":null,"long":null,"V":3.27,"I":0.10,"ts":1777351937}
497;3;{"id":0,"lat":null,"long":null,"V":3.27,"I":0.20,"ts":1777351942}
498;2;{"id":0,"lat":null,"long":null,"V":3.28,"I":0.10,"ts":1777351947}
499;3;{"id":0,"lat":null,"long":null,"V":3.27,"I":-0.20,"ts":1777351952}
500;3;{"id":0,"lat":null,"long":null,"V":3.27,"I":-0.20,"ts":1777351957}
